Archive member included to satisfy reference by file (symbol)

c:/st/stm32cubeide_1.10.1/stm32cubeide/plugins/com.st.stm32cube.ide.mcu.externaltools.gnu-tools-for-stm32.10.3-2021.10.win32_1.0.0.202111181127/tools/bin/../lib/gcc/arm-none-eabi/10.3.1/../../../../arm-none-eabi/lib/thumb/v7e-m+fp/hard\libc_nano.a(lib_a-errno.o)
                              ./Core/Src/syscalls.o (__errno)
c:/st/stm32cubeide_1.10.1/stm32cubeide/plugins/com.st.stm32cube.ide.mcu.externaltools.gnu-tools-for-stm32.10.3-2021.10.win32_1.0.0.202111181127/tools/bin/../lib/gcc/arm-none-eabi/10.3.1/../../../../arm-none-eabi/lib/thumb/v7e-m+fp/hard\libc_nano.a(lib_a-exit.o)
                              c:/st/stm32cubeide_1.10.1/stm32cubeide/plugins/com.st.stm32cube.ide.mcu.externaltools.gnu-tools-for-stm32.10.3-2021.10.win32_1.0.0.202111181127/tools/bin/../lib/gcc/arm-none-eabi/10.3.1/../../../../arm-none-eabi/lib/thumb/v7e-m+fp/hard/crt0.o (exit)
c:/st/stm32cubeide_1.10.1/stm32cubeide/plugins/com.st.stm32cube.ide.mcu.externaltools.gnu-tools-for-stm32.10.3-2021.10.win32_1.0.0.202111181127/tools/bin/../lib/gcc/arm-none-eabi/10.3.1/../../../../arm-none-eabi/lib/thumb/v7e-m+fp/hard\libc_nano.a(lib_a-impure.o)
                              c:/st/stm32cubeide_1.10.1/stm32cubeide/plugins/com.st.stm32cube.ide.mcu.externaltools.gnu-tools-for-stm32.10.3-2021.10.win32_1.0.0.202111181127/tools/bin/../lib/gcc/arm-none-eabi/10.3.1/../../../../arm-none-eabi/lib/thumb/v7e-m+fp/hard\libc_nano.a(lib_a-exit.o) (_global_impure_ptr)
c:/st/stm32cubeide_1.10.1/stm32cubeide/plugins/com.st.stm32cube.ide.mcu.externaltools.gnu-tools-for-stm32.10.3-2021.10.win32_1.0.0.202111181127/tools/bin/../lib/gcc/arm-none-eabi/10.3.1/../../../../arm-none-eabi/lib/thumb/v7e-m+fp/hard\libc_nano.a(lib_a-init.o)
                              c:/st/stm32cubeide_1.10.1/stm32cubeide/plugins/com.st.stm32cube.ide.mcu.externaltools.gnu-tools-for-stm32.10.3-2021.10.win32_1.0.0.202111181127/tools/bin/../lib/gcc/arm-none-eabi/10.3.1/../../../../arm-none-eabi/lib/thumb/v7e-m+fp/hard/crt0.o (__libc_init_array)
c:/st/stm32cubeide_1.10.1/stm32cubeide/plugins/com.st.stm32cube.ide.mcu.externaltools.gnu-tools-for-stm32.10.3-2021.10.win32_1.0.0.202111181127/tools/bin/../lib/gcc/arm-none-eabi/10.3.1/../../../../arm-none-eabi/lib/thumb/v7e-m+fp/hard\libc_nano.a(lib_a-memcpy-stub.o)
                              ./USB_DEVICE/App/usbd_cdc_if.o (memcpy)
c:/st/stm32cubeide_1.10.1/stm32cubeide/plugins/com.st.stm32cube.ide.mcu.externaltools.gnu-tools-for-stm32.10.3-2021.10.win32_1.0.0.202111181127/tools/bin/../lib/gcc/arm-none-eabi/10.3.1/../../../../arm-none-eabi/lib/thumb/v7e-m+fp/hard\libc_nano.a(lib_a-memset.o)
                              c:/st/stm32cubeide_1.10.1/stm32cubeide/plugins/com.st.stm32cube.ide.mcu.externaltools.gnu-tools-for-stm32.10.3-2021.10.win32_1.0.0.202111181127/tools/bin/../lib/gcc/arm-none-eabi/10.3.1/../../../../arm-none-eabi/lib/thumb/v7e-m+fp/hard/crt0.o (memset)
c:/st/stm32cubeide_1.10.1/stm32cubeide/plugins/com.st.stm32cube.ide.mcu.externaltools.gnu-tools-for-stm32.10.3-2021.10.win32_1.0.0.202111181127/tools/bin/../lib/gcc/arm-none-eabi/10.3.1/../../../../arm-none-eabi/lib/thumb/v7e-m+fp/hard\libc_nano.a(lib_a-qsort.o)
                              ./Core/Src/MS5837-30BA.o (qsort)
c:/st/stm32cubeide_1.10.1/stm32cubeide/plugins/com.st.stm32cube.ide.mcu.externaltools.gnu-tools-for-stm32.10.3-2021.10.win32_1.0.0.202111181127/tools/bin/../lib/gcc/arm-none-eabi/10.3.1/../../../../arm-none-eabi/lib/thumb/v7e-m+fp/hard\libc_nano.a(lib_a-s_copysign.o)
                              ./Core/Src/imu9dof.o (copysign)
c:/st/stm32cubeide_1.10.1/stm32cubeide/plugins/com.st.stm32cube.ide.mcu.externaltools.gnu-tools-for-stm32.10.3-2021.10.win32_1.0.0.202111181127/tools/bin/../lib/gcc/arm-none-eabi/10.3.1/../../../../arm-none-eabi/lib/thumb/v7e-m+fp/hard\libc_nano.a(lib_a-snprintf.o)
                              ./Core/Src/osdWidgets.o (snprintf)
c:/st/stm32cubeide_1.10.1/stm32cubeide/plugins/com.st.stm32cube.ide.mcu.externaltools.gnu-tools-for-stm32.10.3-2021.10.win32_1.0.0.202111181127/tools/bin/../lib/gcc/arm-none-eabi/10.3.1/../../../../arm-none-eabi/lib/thumb/v7e-m+fp/hard\libc_nano.a(lib_a-strlen.o)
                              ./Core/Src/max7456.o (strlen)
c:/st/stm32cubeide_1.10.1/stm32cubeide/plugins/com.st.stm32cube.ide.mcu.externaltools.gnu-tools-for-stm32.10.3-2021.10.win32_1.0.0.202111181127/tools/bin/../lib/gcc/arm-none-eabi/10.3.1/../../../../arm-none-eabi/lib/thumb/v7e-m+fp/hard\libc_nano.a(lib_a-nano-svfprintf.o)
                              c:/st/stm32cubeide_1.10.1/stm32cubeide/plugins/com.st.stm32cube.ide.mcu.externaltools.gnu-tools-for-stm32.10.3-2021.10.win32_1.0.0.202111181127/tools/bin/../lib/gcc/arm-none-eabi/10.3.1/../../../../arm-none-eabi/lib/thumb/v7e-m+fp/hard\libc_nano.a(lib_a-snprintf.o) (_svfprintf_r)
[...]
Memory Configuration

Name             Origin             Length             Attributes
CCMRAM           0x0000000010000000 0x0000000000002000 xrw
RAM              0x0000000020000000 0x000000000000a000 xrw
FLASH            0x0000000008000000 0x0000000000040000 xr
*default*        0x0000000000000000 0xffffffffffffffff

Linker script and memory map

LOAD c:/st/stm32cubeide_1.10.1/stm32cubeide/plugins/com.st.stm32cube.ide.mcu.externaltools.gnu-tools-for-stm32.10.3-2021.10.win32_1.0.0.202111181127/tools/bin/../lib/gcc/arm-none-eabi/10.3.1/thumb/v7e-m+fp/hard/crti.o
LOAD c:/st/stm32cubeide_1.10.1/stm32cubeide/plugins/com.st.stm32cube.ide.mcu.externaltools.gnu-tools-for-stm32.10.3-2021.10.win32_1.0.0.202111181127/tools/bin/../lib/gcc/arm-none-eabi/10.3.1/thumb/v7e-m+fp/hard/crtbegin.o
LOAD c:/st/stm32cubeide_1.10.1/stm32cubeide/plugins/com.st.stm32cube.ide.mcu.externaltools.gnu-tools-for-stm32.10.3-2021.10.win32_1.0.0.202111181127/tools/bin/../lib/gcc/arm-none-eabi/10.3.1/../../../../arm-none-eabi/lib/thumb/v7e-m+fp/hard/crt0.o
LOAD ./Core/Src/MS5837-30BA.o
LOAD ./Core/Src/MadgwickAHRS.o
LOAD ./Core/Src/Thruster.o
LOAD ./Core/Src/crc.o
LOAD ./Core/Src/imu9dof.o
LOAD ./Core/Src/l3gd20.o
LOAD ./Core/Src/lsm303dlhc.o
LOAD ./Core/Src/main.o
LOAD ./Core/Src/max7456.o
LOAD ./Core/Src/osdWidgets.o
LOAD ./Core/Src/stm32f3xx_hal_msp.o
LOAD ./Core/Src/stm32f3xx_it.o
LOAD ./Core/Src/syscalls.o
LOAD ./Core/Src/sysmem.o
LOAD ./Core/Src/system_stm32f3xx.o
LOAD ./Core/Startup/startup_stm32f303vctx.o
LOAD ./Drivers/STM32F3xx_HAL_Driver/Src/stm32f3xx_hal.o
LOAD ./Drivers/STM32F3xx_HAL_Driver/Src/stm32f3xx_hal_adc.o
LOAD ./Drivers/STM32F3xx_HAL_Driver/Src/stm32f3xx_hal_adc_ex.o
LOAD ./Drivers/STM32F3xx_HAL_Driver/Src/stm32f3xx_hal_cortex.o
LOAD ./Drivers/STM32F3xx_HAL_Driver/Src/stm32f3xx_hal_dma.o
LOAD ./Drivers/STM32F3xx_HAL_Driver/Src/stm32f3xx_hal_exti.o
LOAD ./Drivers/STM32F3xx_HAL_Driver/Src/stm32f3xx_hal_flash.o
LOAD ./Drivers/STM32F3xx_HAL_Driver/Src/stm32f3xx_hal_flash_ex.o
LOAD ./Drivers/STM32F3xx_HAL_Driver/Src/stm32f3xx_hal_gpio.o
LOAD ./Drivers/STM32F3xx_HAL_Driver/Src/stm32f3xx_hal_i2c.o
LOAD ./Drivers/STM32F3xx_HAL_Driver/Src/stm32f3xx_hal_i2c_ex.o
LOAD ./Drivers/STM32F3xx_HAL_Driver/Src/stm32f3xx_hal_pcd.o
LOAD ./Drivers/STM32F3xx_HAL_Driver/Src/stm32f3xx_hal_pcd_ex.o
LOAD ./Drivers/STM32F3xx_HAL_Driver/Src/stm32f3xx_hal_pwr.o
LOAD ./Drivers/STM32F3xx_HAL_Driver/Src/stm32f3xx_hal_pwr_ex.o
LOAD ./Drivers/STM32F3xx_HAL_Driver/Src/stm32f3xx_hal_rcc.o
LOAD ./Drivers/STM32F3xx_HAL_Driver/Src/stm32f3xx_hal_rcc_ex.o
LOAD ./Drivers/STM32F3xx_HAL_Driver/Src/stm32f3xx_hal_spi.o
LOAD ./Drivers/STM32F3xx_HAL_Driver/Src/stm32f3xx_hal_spi_ex.o
LOAD ./Drivers/STM32F3xx_HAL_Driver/Src/stm32f3xx_hal_tim.o
LOAD ./Drivers/STM32F3xx_HAL_Driver/Src/stm32f3xx_hal_tim_ex.o
LOAD ./Drivers/STM32F3xx_HAL_Driver/Src/stm32f3xx_hal_uart.o
LOAD ./Drivers/STM32F3xx_HAL_Driver/Src/stm32f3xx_hal_uart_ex.o
LOAD ./Drivers/STM32F3xx_HAL_Driver/Src/stm32f3xx_ll_usb.o
LOAD ./Middlewares/ST/STM32_USB_Device_Library/Class/CDC/Src/usbd_cdc.o
LOAD ./Middlewares/ST/STM32_USB_Device_Library/Core/Src/usbd_core.o
LOAD ./Middlewares/ST/STM32_USB_Device_Library/Core/Src/usbd_ctlreq.o
LOAD ./Middlewares/ST/STM32_USB_Device_Library/Core/Src/usbd_ioreq.o
LOAD ./USB_DEVICE/App/usb_device.o
LOAD ./USB_DEVICE/App/usbd_cdc_if.o
LOAD ./USB_DEVICE/App/usbd_desc.o
LOAD ./USB_DEVICE/Target/usbd_conf.o
START GROUP
LOAD c:/st/stm32cubeide_1.10.1/stm32cubeide/plugins/com.st.stm32cube.ide.mcu.externaltools.gnu-tools-for-stm32.10.3-2021.10.win32_1.0.0.202111181127/tools/bin/../lib/gcc/arm-none-eabi/10.3.1/../../../../arm-none-eabi/lib/thumb/v7e-m+fp/hard\libc_nano.a
LOAD c:/st/stm32cubeide_1.10.1/stm32cubeide/plugins/com.st.stm32cube.ide.mcu.externaltools.gnu-tools-for-stm32.10.3-2021.10.win32_1.0.0.202111181127/tools/bin/../lib/gcc/arm-none-eabi/10.3.1/../../../../arm-none-eabi/lib/thumb/v7e-m+fp/hard\libm.a
END GROUP
START GROUP
LOAD c:/st/stm32cubeide_1.10.1/stm32cubeide/plugins/com.st.stm32cube.ide.mcu.externaltools.gnu-tools-for-stm32.10.3-2021.10.win32_1.0.0.202111181127/tools/bin/../lib/gcc/arm-none-eabi/10.3.1/thumb/v7e-m+fp/hard\libgcc.a
LOAD c:/st/stm32cubeide_1.10.1/stm32cubeide/plugins/com.st.stm32cube.ide.mcu.externaltools.gnu-tools-for-stm32.10.3-2021.10.win32_1.0.0.202111181127/tools/bin/../lib/gcc/arm-none-eabi/10.3.1/../../../../arm-none-eabi/lib/thumb/v7e-m+fp/hard\libc_nano.a
END GROUP
START GROUP
LOAD c:/st/stm32cubeide_1.10.1/stm32cubeide/plugins/com.st.stm32cube.ide.mcu.externaltools.gnu-tools-for-stm32.10.3-2021.10.win32_1.0.0.202111181127/tools/bin/../lib/gcc/arm-none-eabi/10.3.1/thumb/v7e-m+fp/hard\libgcc.a
LOAD c:/st/stm32cubeide_1.10.1/stm32cubeide/plugins/com.st.stm32cube.ide.mcu.externaltools.gnu-tools-for-stm32.10.3-2021.10.win32_1.0.0.202111181127/tools/bin/../lib/gcc/arm-none-eabi/10.3.1/../../../../arm-none-eabi/lib/thumb/v7e-m+fp/hard\libc_nano.a
LOAD c:/st/stm32cubeide_1.10.1/stm32cubeide/plugins/com.st.stm32cube.ide.mcu.externaltools.gnu-tools-for-stm32.10.3-2021.10.win32_1.0.0.202111181127/tools/bin/../lib/gcc/arm-none-eabi/10.3.1/../../../../arm-none-eabi/lib/thumb/v7e-m+fp/hard\libnosys.a
END GROUP
START GROUP
LOAD c:/st/stm32cubeide_1.10.1/stm32cubeide/plugins/com.st.stm32cube.ide.mcu.externaltools.gnu-tools-for-stm32.10.3-2021.10.win32_1.0.0.202111181127/tools/bin/../lib/gcc/arm-none-eabi/10.3.1/thumb/v7e-m+fp/hard\libgcc.a
LOAD c:/st/stm32cubeide_1.10.1/stm32cubeide/plugins/com.st.stm32cube.ide.mcu.externaltools.gnu-tools-for-stm32.10.3-2021.10.win32_1.0.0.202111181127/tools/bin/../lib/gcc/arm-none-eabi/10.3.1/../../../../arm-none-eabi/lib/thumb/v7e-m+fp/hard\libc_nano.a
LOAD c:/st/stm32cubeide_1.10.1/stm32cubeide/plugins/com.st.stm32cube.ide.mcu.externaltools.gnu-tools-for-stm32.10.3-2021.10.win32_1.0.0.202111181127/tools/bin/../lib/gcc/arm-none-eabi/10.3.1/../../../../arm-none-eabi/lib/thumb/v7e-m+fp/hard\libnosys.a
END GROUP
LOAD c:/st/stm32cubeide_1.10.1/stm32cubeide/plugins/com.st.stm32cube.ide.mcu.externaltools.gnu-tools-for-stm32.10.3-2021.10.win32_1.0.0.202111181127/tools/bin/../lib/gcc/arm-none-eabi/10.3.1/thumb/v7e-m+fp/hard/crtend.o
LOAD c:/st/stm32cubeide_1.10.1/stm32cubeide/plugins/com.st.stm32cube.ide.mcu.externaltools.gnu-tools-for-stm32.10.3-2021.10.win32_1.0.0.202111181127/tools/bin/../lib/gcc/arm-none-eabi/10.3.1/thumb/v7e-m+fp/hard/crtn.o
                0x000000002000a000                _estack = (ORIGIN (RAM) + LENGTH (RAM))
                0x0000000000000200                _Min_Heap_Size = 0x200
                0x0000000000000400                _Min_Stack_Size = 0x400

.isr_vector     0x0000000008000000      0x188
                0x0000000008000000                . = ALIGN (0x4)
 *(.isr_vector)
 .isr_vector    0x0000000008000000      0x188 ./Core/Startup/startup_stm32f303vctx.o
                0x0000000008000000                g_pfnVectors
                0x0000000008000188                . = ALIGN (0x4)

.text           0x0000000008000188     0xc4f0
                0x0000000008000188                . = ALIGN (0x4)
 *(.text)
 .text          0x0000000008000188       0x40 c:/st/stm32cubeide_1.10.1/stm32cubeide/plugins/com.st.stm32cube.ide.mcu.externaltools.gnu-tools-for-stm32.10.3-2021.10.win32_1.0.0.202111181127/tools/bin/../lib/gcc/arm-none-eabi/10.3.1/thumb/v7e-m+fp/hard/crtbegin.o
 .text          0x00000000080001c8      0x378 c:/st/stm32cubeide_1.10.1/stm32cubeide/plugins/com.st.stm32cube.ide.mcu.externaltools.gnu-tools-for-stm32.10.3-2021.10.win32_1.0.0.202111181127/tools/bin/../lib/gcc/arm-none-eabi/10.3.1/thumb/v7e-m+fp/hard\libgcc.a(_arm_addsubdf3.o)
                0x00000000080001c8                __aeabi_drsub
                0x00000000080001d0                __aeabi_dsub
                0x00000000080001d0                __subdf3
                0x00000000080001d4                __aeabi_dadd
                0x00000000080001d4                __adddf3
                0x000000000800044c                __floatunsidf
                0x000000000800044c                __aeabi_ui2d
                0x000000000800046c                __floatsidf
                0x000000000800046c                __aeabi_i2d
                0x0000000008000490                __aeabi_f2d
                0x0000000008000490                __extendsfdf2
                0x00000000080004d4                __floatundidf
                0x00000000080004d4                __aeabi_ul2d
                0x00000000080004e4                __floatdidf
                0x00000000080004e4                __aeabi_l2d
 .text          0x0000000008000540      0x424 c:/st/stm32cubeide_1.10.1/stm32cubeide/plugins/com.st.stm32cube.ide.mcu.externaltools.gnu-tools-for-stm32.10.3-2021.10.win32_1.0.0.202111181127/tools/bin/../lib/gcc/arm-none-eabi/10.3.1/thumb/v7e-m+fp/hard\libgcc.a(_arm_muldivdf3.o)
                0x0000000008000540                __aeabi_dmul
                0x0000000008000540                __muldf3
                0x0000000008000794                __divdf3
                0x0000000008000794                __aeabi_ddiv
 .text          0x0000000008000964       0x50 c:/st/stm32cubeide_1.10.1/stm32cubeide/plugins/com.st.stm32cube.ide.mcu.externaltools.gnu-tools-for-stm32.10.3-2021.10.win32_1.0.0.202111181127/tools/bin/../lib/gcc/arm-none-eabi/10.3.1/thumb/v7e-m+fp/hard\libgcc.a(_arm_fixdfsi.o)
                0x0000000008000964                __aeabi_d2iz
                0x0000000008000964                __fixdfsi
 *(.text*)
 .text.Thruster_Set_Speed
                0x00000000080009b4       0x7c ./Core/Src/Thruster.o
                0x00000000080009b4                Thruster_Set_Speed
 .text.Thruster_Set_Perc
                0x0000000008000a30       0xb4 ./Core/Src/Thruster.o
                0x0000000008000a30                Thruster_Set_Perc
 .text.calculate_crc
                0x0000000008000ae4       0x8c ./Core/Src/crc.o
                0x0000000008000ae4                calculate_crc
 .text.check_crc
                0x0000000008000b70       0x7c ./Core/Src/crc.o
                0x0000000008000b70                check_crc
 .text.main     0x0000000008000bec      0x1fc ./Core/Src/main.o
                0x0000000008000bec                main
 .text.SystemClock_Config
                0x0000000008000de8       0xe0 ./Core/Src/main.o
                0x0000000008000de8                SystemClock_Config
 .text.MX_ADC3_Init
                0x0000000008000ec8       0xe0 ./Core/Src/main.o
 .text.MX_I2C1_Init
                0x0000000008000fa8       0x80 ./Core/Src/main.o
 .text.MX_I2C2_Init
                0x0000000008001028       0x80 ./Core/Src/main.o
 .text.MX_SPI1_Init
                0x00000000080010a8       0x7c ./Core/Src/main.o
 .text.MX_SPI3_Init
                0x0000000008001124       0x7c ./Core/Src/main.o
 .text.MX_TIM2_Init
                0x00000000080011a0       0xfc ./Core/Src/main.o
 .text.MX_TIM3_Init
                0x000000000800129c       0xfc ./Core/Src/main.o
 .text.MX_TIM8_Init
                0x0000000008001398      0x13c ./Core/Src/main.o
 .text.MX_UART5_Init
                0x00000000080014d4       0x60 ./Core/Src/main.o
 .text.MX_USART1_UART_Init
                0x0000000008001534       0x60 ./Core/Src/main.o
 .text.MX_USART2_UART_Init
                0x0000000008001594       0x60 ./Core/Src/main.o
 .text.MX_USART3_UART_Init
                0x00000000080015f4       0x8c ./Core/Src/main.o
 .text.MX_GPIO_Init
                0x0000000008001680      0x1f4 ./Core/Src/main.o
 .text.Error_Handler
                0x0000000008001874        0xa ./Core/Src/main.o
                0x0000000008001874                Error_Handler
 *fill*         0x000000000800187e        0x2 
 .text.HAL_MspInit
                0x0000000008001880       0x48 ./Core/Src/stm32f3xx_hal_msp.o
                0x0000000008001880                HAL_MspInit
 .text.HAL_ADC_MspInit
                0x00000000080018c8       0x80 ./Core/Src/stm32f3xx_hal_msp.o
                0x00000000080018c8                HAL_ADC_MspInit
 .text.HAL_I2C_MspInit
                0x0000000008001948       0xec ./Core/Src/stm32f3xx_hal_msp.o
                0x0000000008001948                HAL_I2C_MspInit
 .text.HAL_SPI_MspInit
                0x0000000008001a34      0x128 ./Core/Src/stm32f3xx_hal_msp.o
                0x0000000008001a34                HAL_SPI_MspInit
 .text.HAL_TIM_PWM_MspInit
                0x0000000008001b5c       0x8c ./Core/Src/stm32f3xx_hal_msp.o
                0x0000000008001b5c                HAL_TIM_PWM_MspInit
 .text.HAL_TIM_MspPostInit
                0x0000000008001be8      0x1b0 ./Core/Src/stm32f3xx_hal_msp.o
                0x0000000008001be8                HAL_TIM_MspPostInit
 .text.HAL_UART_MspInit
                0x0000000008001d98      0x228 ./Core/Src/stm32f3xx_hal_msp.o
                0x0000000008001d98                HAL_UART_MspInit
 .text.NMI_Handler
                0x0000000008001fc0        0x6 ./Core/Src/stm32f3xx_it.o
                0x0000000008001fc0                NMI_Handler
 .text.HardFault_Handler
                0x0000000008001fc6        0x6 ./Core/Src/stm32f3xx_it.o
                0x0000000008001fc6                HardFault_Handler
 .text.MemManage_Handler
                0x0000000008001fcc        0x6 ./Core/Src/stm32f3xx_it.o
                0x0000000008001fcc                MemManage_Handler
 .text.BusFault_Handler
                0x0000000008001fd2        0x6 ./Core/Src/stm32f3xx_it.o
                0x0000000008001fd2                BusFault_Handler
 .text.UsageFault_Handler
                0x0000000008001fd8        0x6 ./Core/Src/stm32f3xx_it.o
                0x0000000008001fd8                UsageFault_Handler
 .text.SVC_Handler
                0x0000000008001fde        0xe ./Core/Src/stm32f3xx_it.o
                0x0000000008001fde                SVC_Handler
 .text.DebugMon_Handler
                0x0000000008001fec        0xe ./Core/Src/stm32f3xx_it.o
                0x0000000008001fec                DebugMon_Handler
 .text.PendSV_Handler
                0x0000000008001ffa        0xe ./Core/Src/stm32f3xx_it.o
                0x0000000008001ffa                PendSV_Handler
 .text.SysTick_Handler
                0x0000000008002008        0xc ./Core/Src/stm32f3xx_it.o
                0x0000000008002008                SysTick_Handler
 .text.USB_HP_IRQHandler
                0x0000000008002014       0x14 ./Core/Src/stm32f3xx_it.o
                0x0000000008002014                USB_HP_IRQHandler
 .text.USB_LP_IRQHandler
                0x0000000008002028       0x14 ./Core/Src/stm32f3xx_it.o
                0x0000000008002028                USB_LP_IRQHandler
 .text.SystemInit
                0x000000000800203c       0x24 ./Core/Src/system_stm32f3xx.o
                0x000000000800203c                SystemInit
 .text.Reset_Handler
                0x0000000008002060       0x50 ./Core/Startup/startup_stm32f303vctx.o
                0x0000000008002060                Reset_Handler
 .text.Default_Handler
                0x00000000080020b0        0x2 ./Core/Startup/startup_stm32f303vctx.o
                0x00000000080020b0                RTC_Alarm_IRQHandler
                0x00000000080020b0                TIM8_TRG_COM_IRQHandler
                0x00000000080020b0                TIM8_CC_IRQHandler
                0x00000000080020b0                TIM1_CC_IRQHandler
                0x00000000080020b0                PVD_IRQHandler
                0x00000000080020b0                TAMP_STAMP_IRQHandler
                0x00000000080020b0                EXTI3_IRQHandler
                0x00000000080020b0                USB_HP_CAN_TX_IRQHandler
                0x00000000080020b0                EXTI0_IRQHandler
                0x00000000080020b0                I2C2_EV_IRQHandler
                0x00000000080020b0                FPU_IRQHandler
                0x00000000080020b0                TIM1_UP_TIM16_IRQHandler
                0x00000000080020b0                ADC1_2_IRQHandler
                0x00000000080020b0                SPI1_IRQHandler
                0x00000000080020b0                CAN_SCE_IRQHandler
                0x00000000080020b0                TIM6_DAC_IRQHandler
                0x00000000080020b0                TIM8_UP_IRQHandler
                0x00000000080020b0                DMA2_Channel2_IRQHandler
                0x00000000080020b0                DMA1_Channel4_IRQHandler
                0x00000000080020b0                USART3_IRQHandler
                0x00000000080020b0                DMA1_Channel7_IRQHandler
                0x00000000080020b0                UART5_IRQHandler
                0x00000000080020b0                ADC3_IRQHandler
                0x00000000080020b0                TIM4_IRQHandler
                0x00000000080020b0                CAN_RX1_IRQHandler
                0x00000000080020b0                DMA2_Channel1_IRQHandler
                0x00000000080020b0                I2C1_EV_IRQHandler
                0x00000000080020b0                DMA1_Channel6_IRQHandler
                0x00000000080020b0                UART4_IRQHandler
                0x00000000080020b0                DMA2_Channel4_IRQHandler
                0x00000000080020b0                TIM3_IRQHandler
                0x00000000080020b0                RCC_IRQHandler
                0x00000000080020b0                DMA1_Channel1_IRQHandler
                0x00000000080020b0                Default_Handler
                0x00000000080020b0                USBWakeUp_RMP_IRQHandler
                0x00000000080020b0                EXTI15_10_IRQHandler
                0x00000000080020b0                TIM7_IRQHandler
                0x00000000080020b0                EXTI9_5_IRQHandler
                0x00000000080020b0                RTC_WKUP_IRQHandler
                0x00000000080020b0                SPI2_IRQHandler
                0x00000000080020b0                USB_LP_CAN_RX0_IRQHandler
                0x00000000080020b0                DMA2_Channel5_IRQHandler
                0x00000000080020b0                DMA1_Channel5_IRQHandler
                0x00000000080020b0                EXTI4_IRQHandler
                0x00000000080020b0                TIM1_TRG_COM_TIM17_IRQHandler
                0x00000000080020b0                DMA1_Channel3_IRQHandler
                0x00000000080020b0                ADC4_IRQHandler
                0x00000000080020b0                WWDG_IRQHandler
                0x00000000080020b0                TIM2_IRQHandler
                0x00000000080020b0                COMP7_IRQHandler
                0x00000000080020b0                COMP1_2_3_IRQHandler
                0x00000000080020b0                EXTI1_IRQHandler
                0x00000000080020b0                USART2_IRQHandler
                0x00000000080020b0                COMP4_5_6_IRQHandler
                0x00000000080020b0                I2C2_ER_IRQHandler
                0x00000000080020b0                DMA1_Channel2_IRQHandler
                0x00000000080020b0                TIM8_BRK_IRQHandler
                0x00000000080020b0                FLASH_IRQHandler
                0x00000000080020b0                USART1_IRQHandler
                0x00000000080020b0                SPI3_IRQHandler
                0x00000000080020b0                I2C1_ER_IRQHandler
                0x00000000080020b0                USBWakeUp_IRQHandler
                0x00000000080020b0                DMA2_Channel3_IRQHandler
                0x00000000080020b0                EXTI2_TSC_IRQHandler
                0x00000000080020b0                TIM1_BRK_TIM15_IRQHandler
 *fill*         0x00000000080020b2        0x2 
 .text.HAL_Init
                0x00000000080020b4       0x2c ./Drivers/STM32F3xx_HAL_Driver/Src/stm32f3xx_hal.o
                0x00000000080020b4                HAL_Init
 .text.HAL_InitTick
                0x00000000080020e0       0x60 ./Drivers/STM32F3xx_HAL_Driver/Src/stm32f3xx_hal.o
                0x00000000080020e0                HAL_InitTick
 .text.HAL_IncTick
                0x0000000008002140       0x28 ./Drivers/STM32F3xx_HAL_Driver/Src/stm32f3xx_hal.o
                0x0000000008002140                HAL_IncTick
 .text.HAL_GetTick
                0x0000000008002168       0x18 ./Drivers/STM32F3xx_HAL_Driver/Src/stm32f3xx_hal.o
                0x0000000008002168                HAL_GetTick
 .text.HAL_Delay
                0x0000000008002180       0x48 ./Drivers/STM32F3xx_HAL_Driver/Src/stm32f3xx_hal.o
                0x0000000008002180                HAL_Delay
 .text.HAL_ADC_Init
                0x00000000080021c8      0x3c0 ./Drivers/STM32F3xx_HAL_Driver/Src/stm32f3xx_hal_adc_ex.o
                0x00000000080021c8                HAL_ADC_Init
 .text.HAL_ADC_ConfigChannel
                0x0000000008002588      0x5d8 ./Drivers/STM32F3xx_HAL_Driver/Src/stm32f3xx_hal_adc_ex.o
                0x0000000008002588                HAL_ADC_ConfigChannel
 .text.HAL_ADCEx_MultiModeConfigChannel
                0x0000000008002b60      0x1e4 ./Drivers/STM32F3xx_HAL_Driver/Src/stm32f3xx_hal_adc_ex.o
                0x0000000008002b60                HAL_ADCEx_MultiModeConfigChannel
 .text.ADC_Disable
                0x0000000008002d44       0xcc ./Drivers/STM32F3xx_HAL_Driver/Src/stm32f3xx_hal_adc_ex.o
 .text.__NVIC_SetPriorityGrouping
                0x0000000008002e10       0x48 ./Drivers/STM32F3xx_HAL_Driver/Src/stm32f3xx_hal_cortex.o
 .text.__NVIC_GetPriorityGrouping
                0x0000000008002e58       0x1c ./Drivers/STM32F3xx_HAL_Driver/Src/stm32f3xx_hal_cortex.o
 .text.__NVIC_EnableIRQ
                0x0000000008002e74       0x3c ./Drivers/STM32F3xx_HAL_Driver/Src/stm32f3xx_hal_cortex.o
 .text.__NVIC_SetPriority
                0x0000000008002eb0       0x54 ./Drivers/STM32F3xx_HAL_Driver/Src/stm32f3xx_hal_cortex.o
 .text.NVIC_EncodePriority
                0x0000000008002f04       0x66 ./Drivers/STM32F3xx_HAL_Driver/Src/stm32f3xx_hal_cortex.o
 *fill*         0x0000000008002f6a        0x2 
 .text.SysTick_Config
                0x0000000008002f6c       0x44 ./Drivers/STM32F3xx_HAL_Driver/Src/stm32f3xx_hal_cortex.o
 .text.HAL_NVIC_SetPriorityGrouping
                0x0000000008002fb0       0x16 ./Drivers/STM32F3xx_HAL_Driver/Src/stm32f3xx_hal_cortex.o
                0x0000000008002fb0                HAL_NVIC_SetPriorityGrouping
 .text.HAL_NVIC_SetPriority
                0x0000000008002fc6       0x38 ./Drivers/STM32F3xx_HAL_Driver/Src/stm32f3xx_hal_cortex.o
                0x0000000008002fc6                HAL_NVIC_SetPriority
 .text.HAL_NVIC_EnableIRQ
                0x0000000008002ffe       0x1c ./Drivers/STM32F3xx_HAL_Driver/Src/stm32f3xx_hal_cortex.o
                0x0000000008002ffe                HAL_NVIC_EnableIRQ
 .text.HAL_SYSTICK_Config
                0x000000000800301a       0x18 ./Drivers/STM32F3xx_HAL_Driver/Src/stm32f3xx_hal_cortex.o
                0x000000000800301a                HAL_SYSTICK_Config
 *fill*         0x0000000008003032        0x2 
 .text.HAL_GPIO_Init
                0x0000000008003034      0x2f4 ./Drivers/STM32F3xx_HAL_Driver/Src/stm32f3xx_hal_gpio.o
                0x0000000008003034                HAL_GPIO_Init
 .text.HAL_GPIO_WritePin
                0x0000000008003328       0x30 ./Drivers/STM32F3xx_HAL_Driver/Src/stm32f3xx_hal_gpio.o
                0x0000000008003328                HAL_GPIO_WritePin
 .text.HAL_I2C_Init
                0x0000000008003358      0x11e ./Drivers/STM32F3xx_HAL_Driver/Src/stm32f3xx_hal_i2c.o
                0x0000000008003358                HAL_I2C_Init
 .text.HAL_I2CEx_ConfigAnalogFilter
                0x0000000008003476       0x96 ./Drivers/STM32F3xx_HAL_Driver/Src/stm32f3xx_hal_i2c_ex.o
                0x0000000008003476                HAL_I2CEx_ConfigAnalogFilter
 .text.HAL_I2CEx_ConfigDigitalFilter
                0x000000000800350c       0x98 ./Drivers/STM32F3xx_HAL_Driver/Src/stm32f3xx_hal_i2c_ex.o
                0x000000000800350c                HAL_I2CEx_ConfigDigitalFilter
 .text.HAL_PCD_Init
                0x00000000080035a4      0x1bc ./Drivers/STM32F3xx_HAL_Driver/Src/stm32f3xx_hal_pcd.o
                0x00000000080035a4                HAL_PCD_Init
 .text.HAL_PCD_Start
                0x0000000008003760       0x4c ./Drivers/STM32F3xx_HAL_Driver/Src/stm32f3xx_hal_pcd.o
                0x0000000008003760                HAL_PCD_Start
 .text.HAL_PCD_IRQHandler
                0x00000000080037ac      0x1ee ./Drivers/STM32F3xx_HAL_Driver/Src/stm32f3xx_hal_pcd.o
                0x00000000080037ac                HAL_PCD_IRQHandler
 .text.HAL_PCD_SetAddress
                0x000000000800399a       0x4a ./Drivers/STM32F3xx_HAL_Driver/Src/stm32f3xx_hal_pcd.o
                0x000000000800399a                HAL_PCD_SetAddress
 .text.HAL_PCD_EP_Open
                0x00000000080039e4       0xcc ./Drivers/STM32F3xx_HAL_Driver/Src/stm32f3xx_hal_pcd.o
                0x00000000080039e4                HAL_PCD_EP_Open
 .text.HAL_PCD_EP_Close
                0x0000000008003ab0       0x90 ./Drivers/STM32F3xx_HAL_Driver/Src/stm32f3xx_hal_pcd.o
                0x0000000008003ab0                HAL_PCD_EP_Close
 .text.HAL_PCD_EP_Receive
                0x0000000008003b40       0x7a ./Drivers/STM32F3xx_HAL_Driver/Src/stm32f3xx_hal_pcd.o
                0x0000000008003b40                HAL_PCD_EP_Receive
 .text.HAL_PCD_EP_GetRxCount
                0x0000000008003bba       0x30 ./Drivers/STM32F3xx_HAL_Driver/Src/stm32f3xx_hal_pcd.o
                0x0000000008003bba                HAL_PCD_EP_GetRxCount
 .text.HAL_PCD_EP_Transmit
                0x0000000008003bea       0x86 ./Drivers/STM32F3xx_HAL_Driver/Src/stm32f3xx_hal_pcd.o
                0x0000000008003bea                HAL_PCD_EP_Transmit
 .text.HAL_PCD_EP_SetStall
                0x0000000008003c70       0xa4 ./Drivers/STM32F3xx_HAL_Driver/Src/stm32f3xx_hal_pcd.o
                0x0000000008003c70                HAL_PCD_EP_SetStall
 .text.HAL_PCD_EP_ClrStall
                0x0000000008003d14       0xa8 ./Drivers/STM32F3xx_HAL_Driver/Src/stm32f3xx_hal_pcd.o
                0x0000000008003d14                HAL_PCD_EP_ClrStall
 .text.PCD_EP_ISR_Handler
                0x0000000008003dbc      0x77a ./Drivers/STM32F3xx_HAL_Driver/Src/stm32f3xx_hal_pcd.o
 .text.HAL_PCD_EP_DB_Receive
                0x0000000008004536      0x21a ./Drivers/STM32F3xx_HAL_Driver/Src/stm32f3xx_hal_pcd.o
 .text.HAL_PCD_EP_DB_Transmit
                0x0000000008004750      0x7a4 ./Drivers/STM32F3xx_HAL_Driver/Src/stm32f3xx_hal_pcd.o
 .text.HAL_PCDEx_PMAConfig
                0x0000000008004ef4       0x86 ./Drivers/STM32F3xx_HAL_Driver/Src/stm32f3xx_hal_pcd_ex.o
                0x0000000008004ef4                HAL_PCDEx_PMAConfig
 *fill*         0x0000000008004f7a        0x2 
 .text.HAL_RCC_OscConfig
                0x0000000008004f7c     0x107c ./Drivers/STM32F3xx_HAL_Driver/Src/stm32f3xx_hal_rcc.o
                0x0000000008004f7c                HAL_RCC_OscConfig
 .text.HAL_RCC_ClockConfig
                0x0000000008005ff8      0x2f8 ./Drivers/STM32F3xx_HAL_Driver/Src/stm32f3xx_hal_rcc.o
                0x0000000008005ff8                HAL_RCC_ClockConfig
 .text.HAL_RCC_GetSysClockFreq
                0x00000000080062f0       0xd4 ./Drivers/STM32F3xx_HAL_Driver/Src/stm32f3xx_hal_rcc.o
                0x00000000080062f0                HAL_RCC_GetSysClockFreq
 .text.HAL_RCC_GetHCLKFreq
                0x00000000080063c4       0x18 ./Drivers/STM32F3xx_HAL_Driver/Src/stm32f3xx_hal_rcc.o
                0x00000000080063c4                HAL_RCC_GetHCLKFreq
 .text.HAL_RCC_GetPCLK1Freq
                0x00000000080063dc       0x44 ./Drivers/STM32F3xx_HAL_Driver/Src/stm32f3xx_hal_rcc.o
                0x00000000080063dc                HAL_RCC_GetPCLK1Freq
 .text.HAL_RCC_GetPCLK2Freq
                0x0000000008006420       0x44 ./Drivers/STM32F3xx_HAL_Driver/Src/stm32f3xx_hal_rcc.o
                0x0000000008006420                HAL_RCC_GetPCLK2Freq
 .text.HAL_RCCEx_PeriphCLKConfig
                0x0000000008006464      0x360 ./Drivers/STM32F3xx_HAL_Driver/Src/stm32f3xx_hal_rcc_ex.o
                0x0000000008006464                HAL_RCCEx_PeriphCLKConfig
 .text.HAL_SPI_Init
                0x00000000080067c4      0x156 ./Drivers/STM32F3xx_HAL_Driver/Src/stm32f3xx_hal_spi.o
                0x00000000080067c4                HAL_SPI_Init
 .text.HAL_TIM_PWM_Init
                0x000000000800691a       0xae ./Drivers/STM32F3xx_HAL_Driver/Src/stm32f3xx_hal_tim.o
                0x000000000800691a                HAL_TIM_PWM_Init
 .text.HAL_TIM_PWM_Start_IT
                0x00000000080069c8      0x298 ./Drivers/STM32F3xx_HAL_Driver/Src/stm32f3xx_hal_tim.o
                0x00000000080069c8                HAL_TIM_PWM_Start_IT
 .text.HAL_TIM_PWM_ConfigChannel
                0x0000000008006c60      0x228 ./Drivers/STM32F3xx_HAL_Driver/Src/stm32f3xx_hal_tim.o
                0x0000000008006c60                HAL_TIM_PWM_ConfigChannel
 .text.TIM_Base_SetConfig
                0x0000000008006e88      0x120 ./Drivers/STM32F3xx_HAL_Driver/Src/stm32f3xx_hal_tim.o
                0x0000000008006e88                TIM_Base_SetConfig
 .text.TIM_OC1_SetConfig
                0x0000000008006fa8      0x120 ./Drivers/STM32F3xx_HAL_Driver/Src/stm32f3xx_hal_tim.o
 .text.TIM_OC2_SetConfig
                0x00000000080070c8      0x114 ./Drivers/STM32F3xx_HAL_Driver/Src/stm32f3xx_hal_tim.o
                0x00000000080070c8                TIM_OC2_SetConfig
 .text.TIM_OC3_SetConfig
                0x00000000080071dc      0x110 ./Drivers/STM32F3xx_HAL_Driver/Src/stm32f3xx_hal_tim.o
 .text.TIM_OC4_SetConfig
                0x00000000080072ec       0xd4 ./Drivers/STM32F3xx_HAL_Driver/Src/stm32f3xx_hal_tim.o
 .text.TIM_OC5_SetConfig
                0x00000000080073c0       0xc8 ./Drivers/STM32F3xx_HAL_Driver/Src/stm32f3xx_hal_tim.o
 .text.TIM_OC6_SetConfig
                0x0000000008007488       0xcc ./Drivers/STM32F3xx_HAL_Driver/Src/stm32f3xx_hal_tim.o
 .text.TIM_CCxChannelCmd
                0x0000000008007554       0x4a ./Drivers/STM32F3xx_HAL_Driver/Src/stm32f3xx_hal_tim.o
                0x0000000008007554                TIM_CCxChannelCmd
 *fill*         0x000000000800759e        0x2 
 .text.HAL_TIMEx_MasterConfigSynchronization
                0x00000000080075a0      0x100 ./Drivers/STM32F3xx_HAL_Driver/Src/stm32f3xx_hal_tim_ex.o
                0x00000000080075a0                HAL_TIMEx_MasterConfigSynchronization
 .text.HAL_TIMEx_ConfigBreakDeadTime
                0x00000000080076a0       0xfc ./Drivers/STM32F3xx_HAL_Driver/Src/stm32f3xx_hal_tim_ex.o
                0x00000000080076a0                HAL_TIMEx_ConfigBreakDeadTime
 .text.HAL_UART_Init
                0x000000000800779c       0x9c ./Drivers/STM32F3xx_HAL_Driver/Src/stm32f3xx_hal_uart.o
                0x000000000800779c                HAL_UART_Init
 .text.UART_SetConfig
                0x0000000008007838      0x3ac ./Drivers/STM32F3xx_HAL_Driver/Src/stm32f3xx_hal_uart.o
                0x0000000008007838                UART_SetConfig
 .text.UART_AdvFeatureConfig
                0x0000000008007be4      0x144 ./Drivers/STM32F3xx_HAL_Driver/Src/stm32f3xx_hal_uart.o
                0x0000000008007be4                UART_AdvFeatureConfig
 .text.UART_CheckIdleState
                0x0000000008007d28       0x92 ./Drivers/STM32F3xx_HAL_Driver/Src/stm32f3xx_hal_uart.o
                0x0000000008007d28                UART_CheckIdleState
 .text.UART_WaitOnFlagUntilTimeout
                0x0000000008007dba      0x188 ./Drivers/STM32F3xx_HAL_Driver/Src/stm32f3xx_hal_uart.o
                0x0000000008007dba                UART_WaitOnFlagUntilTimeout
 .text.HAL_RS485Ex_Init
                0x0000000008007f42       0xce ./Drivers/STM32F3xx_HAL_Driver/Src/stm32f3xx_hal_uart_ex.o
                0x0000000008007f42                HAL_RS485Ex_Init
 .text.USB_EnableGlobalInt
                0x0000000008008010       0x2e ./Drivers/STM32F3xx_HAL_Driver/Src/stm32f3xx_ll_usb.o
                0x0000000008008010                USB_EnableGlobalInt
 .text.USB_DisableGlobalInt
                0x000000000800803e       0x36 ./Drivers/STM32F3xx_HAL_Driver/Src/stm32f3xx_ll_usb.o
                0x000000000800803e                USB_DisableGlobalInt
 .text.USB_DevInit
                0x0000000008008074       0x42 ./Drivers/STM32F3xx_HAL_Driver/Src/stm32f3xx_ll_usb.o
                0x0000000008008074                USB_DevInit
 *fill*         0x00000000080080b6        0x2 
 .text.USB_ActivateEndpoint
                0x00000000080080b8      0x728 ./Drivers/STM32F3xx_HAL_Driver/Src/stm32f3xx_ll_usb.o
                0x00000000080080b8                USB_ActivateEndpoint
 .text.USB_DeactivateEndpoint
                0x00000000080087e0      0x3da ./Drivers/STM32F3xx_HAL_Driver/Src/stm32f3xx_ll_usb.o
                0x00000000080087e0                USB_DeactivateEndpoint
 .text.USB_EPStartXfer
                0x0000000008008bba     0x166c ./Drivers/STM32F3xx_HAL_Driver/Src/stm32f3xx_ll_usb.o
                0x0000000008008bba                USB_EPStartXfer
 .text.USB_EPSetStall
                0x000000000800a226       0xa2 ./Drivers/STM32F3xx_HAL_Driver/Src/stm32f3xx_ll_usb.o
                0x000000000800a226                USB_EPSetStall
 .text.USB_EPClearStall
                0x000000000800a2c8      0x15c ./Drivers/STM32F3xx_HAL_Driver/Src/stm32f3xx_ll_usb.o
                0x000000000800a2c8                USB_EPClearStall
 .text.USB_SetDevAddress
                0x000000000800a424       0x28 ./Drivers/STM32F3xx_HAL_Driver/Src/stm32f3xx_ll_usb.o
                0x000000000800a424                USB_SetDevAddress
 .text.USB_DevConnect
                0x000000000800a44c       0x16 ./Drivers/STM32F3xx_HAL_Driver/Src/stm32f3xx_ll_usb.o
                0x000000000800a44c                USB_DevConnect
 .text.USB_ReadInterrupts
                0x000000000800a462       0x20 ./Drivers/STM32F3xx_HAL_Driver/Src/stm32f3xx_ll_usb.o
                0x000000000800a462                USB_ReadInterrupts
 .text.USB_WritePMA
                0x000000000800a482       0x8c ./Drivers/STM32F3xx_HAL_Driver/Src/stm32f3xx_ll_usb.o
                0x000000000800a482                USB_WritePMA
 .text.USB_ReadPMA
                0x000000000800a50e       0xa0 ./Drivers/STM32F3xx_HAL_Driver/Src/stm32f3xx_ll_usb.o
                0x000000000800a50e                USB_ReadPMA
 .text.USBD_CDC_Init
                0x000000000800a5ae       0xf4 ./Middlewares/ST/STM32_USB_Device_Library/Class/CDC/Src/usbd_cdc.o
 .text.USBD_CDC_DeInit
                0x000000000800a6a2       0x6e ./Middlewares/ST/STM32_USB_Device_Library/Class/CDC/Src/usbd_cdc.o
 .text.USBD_CDC_Setup
                0x000000000800a710      0x146 ./Middlewares/ST/STM32_USB_Device_Library/Class/CDC/Src/usbd_cdc.o
 .text.USBD_CDC_DataIn
                0x000000000800a856       0xa6 ./Middlewares/ST/STM32_USB_Device_Library/Class/CDC/Src/usbd_cdc.o
 .text.USBD_CDC_DataOut
                0x000000000800a8fc       0x56 ./Middlewares/ST/STM32_USB_Device_Library/Class/CDC/Src/usbd_cdc.o
 .text.USBD_CDC_EP0_RxReady
                0x000000000800a952       0x50 ./Middlewares/ST/STM32_USB_Device_Library/Class/CDC/Src/usbd_cdc.o
 *fill*         0x000000000800a9a2        0x2 
 .text.USBD_CDC_GetFSCfgDesc
                0x000000000800a9a4       0x20 ./Middlewares/ST/STM32_USB_Device_Library/Class/CDC/Src/usbd_cdc.o
 .text.USBD_CDC_GetHSCfgDesc
                0x000000000800a9c4       0x20 ./Middlewares/ST/STM32_USB_Device_Library/Class/CDC/Src/usbd_cdc.o
 .text.USBD_CDC_GetOtherSpeedCfgDesc
                0x000000000800a9e4       0x20 ./Middlewares/ST/STM32_USB_Device_Library/Class/CDC/Src/usbd_cdc.o
 .text.USBD_CDC_GetDeviceQualifierDescriptor
                0x000000000800aa04       0x20 ./Middlewares/ST/STM32_USB_Device_Library/Class/CDC/Src/usbd_cdc.o
                0x000000000800aa04                USBD_CDC_GetDeviceQualifierDescriptor
 .text.USBD_CDC_RegisterInterface
                0x000000000800aa24       0x2e ./Middlewares/ST/STM32_USB_Device_Library/Class/CDC/Src/usbd_cdc.o
                0x000000000800aa24                USBD_CDC_RegisterInterface
 .text.USBD_CDC_SetTxBuffer
                0x000000000800aa52       0x34 ./Middlewares/ST/STM32_USB_Device_Library/Class/CDC/Src/usbd_cdc.o
                0x000000000800aa52                USBD_CDC_SetTxBuffer
 .text.USBD_CDC_SetRxBuffer
                0x000000000800aa86       0x28 ./Middlewares/ST/STM32_USB_Device_Library/Class/CDC/Src/usbd_cdc.o
                0x000000000800aa86                USBD_CDC_SetRxBuffer
 .text.USBD_CDC_ReceivePacket
                0x000000000800aaae       0x54 ./Middlewares/ST/STM32_USB_Device_Library/Class/CDC/Src/usbd_cdc.o
                0x000000000800aaae                USBD_CDC_ReceivePacket
 .text.USBD_Init
                0x000000000800ab02       0x56 ./Middlewares/ST/STM32_USB_Device_Library/Core/Src/usbd_core.o
                0x000000000800ab02                USBD_Init
 .text.USBD_RegisterClass
                0x000000000800ab58       0x34 ./Middlewares/ST/STM32_USB_Device_Library/Core/Src/usbd_core.o
                0x000000000800ab58                USBD_RegisterClass
 .text.USBD_Start
                0x000000000800ab8c       0x18 ./Middlewares/ST/STM32_USB_Device_Library/Core/Src/usbd_core.o
                0x000000000800ab8c                USBD_Start
 .text.USBD_RunTestMode
                0x000000000800aba4       0x16 ./Middlewares/ST/STM32_USB_Device_Library/Core/Src/usbd_core.o
                0x000000000800aba4                USBD_RunTestMode
 .text.USBD_SetClassConfig
                0x000000000800abba       0x3e ./Middlewares/ST/STM32_USB_Device_Library/Core/Src/usbd_core.o
                0x000000000800abba                USBD_SetClassConfig
 .text.USBD_ClrClassConfig
                0x000000000800abf8       0x26 ./Middlewares/ST/STM32_USB_Device_Library/Core/Src/usbd_core.o
                0x000000000800abf8                USBD_ClrClassConfig
 .text.USBD_LL_SetupStage
                0x000000000800ac1e       0x9a ./Middlewares/ST/STM32_USB_Device_Library/Core/Src/usbd_core.o
                0x000000000800ac1e                USBD_LL_SetupStage
 .text.USBD_LL_DataOutStage
                0x000000000800acb8       0xe2 ./Middlewares/ST/STM32_USB_Device_Library/Core/Src/usbd_core.o
                0x000000000800acb8                USBD_LL_DataOutStage
 .text.USBD_LL_DataInStage
                0x000000000800ad9a      0x14a ./Middlewares/ST/STM32_USB_Device_Library/Core/Src/usbd_core.o
                0x000000000800ad9a                USBD_LL_DataInStage
 .text.USBD_LL_Reset
                0x000000000800aee4       0x82 ./Middlewares/ST/STM32_USB_Device_Library/Core/Src/usbd_core.o
                0x000000000800aee4                USBD_LL_Reset
 .text.USBD_LL_SetSpeed
                0x000000000800af66       0x20 ./Middlewares/ST/STM32_USB_Device_Library/Core/Src/usbd_core.o
                0x000000000800af66                USBD_LL_SetSpeed
 .text.USBD_LL_Suspend
                0x000000000800af86       0x2a ./Middlewares/ST/STM32_USB_Device_Library/Core/Src/usbd_core.o
                0x000000000800af86                USBD_LL_Suspend
 .text.USBD_LL_Resume
                0x000000000800afb0       0x2c ./Middlewares/ST/STM32_USB_Device_Library/Core/Src/usbd_core.o
                0x000000000800afb0                USBD_LL_Resume
 .text.USBD_LL_SOF
                0x000000000800afdc       0x34 ./Middlewares/ST/STM32_USB_Device_Library/Core/Src/usbd_core.o
                0x000000000800afdc                USBD_LL_SOF
 .text.USBD_StdDevReq
                0x000000000800b010       0xd4 ./Middlewares/ST/STM32_USB_Device_Library/Core/Src/usbd_ctlreq.o
                0x000000000800b010                USBD_StdDevReq
 .text.USBD_StdItfReq
                0x000000000800b0e4       0x90 ./Middlewares/ST/STM32_USB_Device_Library/Core/Src/usbd_ctlreq.o
                0x000000000800b0e4                USBD_StdItfReq
 .text.USBD_StdEPReq
                0x000000000800b174      0x2c6 ./Middlewares/ST/STM32_USB_Device_Library/Core/Src/usbd_ctlreq.o
                0x000000000800b174                USBD_StdEPReq
 *fill*         0x000000000800b43a        0x2 
 .text.USBD_GetDescriptor
                0x000000000800b43c      0x2d0 ./Middlewares/ST/STM32_USB_Device_Library/Core/Src/usbd_ctlreq.o
 .text.USBD_SetAddress
                0x000000000800b70c       0x86 ./Middlewares/ST/STM32_USB_Device_Library/Core/Src/usbd_ctlreq.o
 *fill*         0x000000000800b792        0x2 
 .text.USBD_SetConfig
                0x000000000800b794      0x11c ./Middlewares/ST/STM32_USB_Device_Library/Core/Src/usbd_ctlreq.o
 .text.USBD_GetConfig
                0x000000000800b8b0       0x6a ./Middlewares/ST/STM32_USB_Device_Library/Core/Src/usbd_ctlreq.o
 .text.USBD_GetStatus
                0x000000000800b91a       0x66 ./Middlewares/ST/STM32_USB_Device_Library/Core/Src/usbd_ctlreq.o
 .text.USBD_SetFeature
                0x000000000800b980       0x28 ./Middlewares/ST/STM32_USB_Device_Library/Core/Src/usbd_ctlreq.o
 .text.USBD_ClrFeature
                0x000000000800b9a8       0x42 ./Middlewares/ST/STM32_USB_Device_Library/Core/Src/usbd_ctlreq.o
 .text.USBD_ParseSetupRequest
                0x000000000800b9ea       0x7a ./Middlewares/ST/STM32_USB_Device_Library/Core/Src/usbd_ctlreq.o
                0x000000000800b9ea                USBD_ParseSetupRequest
 .text.USBD_CtlError
                0x000000000800ba64       0x22 ./Middlewares/ST/STM32_USB_Device_Library/Core/Src/usbd_ctlreq.o
                0x000000000800ba64                USBD_CtlError
 .text.USBD_GetString
                0x000000000800ba86       0x84 ./Middlewares/ST/STM32_USB_Device_Library/Core/Src/usbd_ctlreq.o
                0x000000000800ba86                USBD_GetString
 .text.USBD_GetLen
                0x000000000800bb0a       0x30 ./Middlewares/ST/STM32_USB_Device_Library/Core/Src/usbd_ctlreq.o
 .text.USBD_CtlSendData
                0x000000000800bb3a       0x38 ./Middlewares/ST/STM32_USB_Device_Library/Core/Src/usbd_ioreq.o
                0x000000000800bb3a                USBD_CtlSendData
 .text.USBD_CtlContinueSendData
                0x000000000800bb72       0x24 ./Middlewares/ST/STM32_USB_Device_Library/Core/Src/usbd_ioreq.o
                0x000000000800bb72                USBD_CtlContinueSendData
 .text.USBD_CtlPrepareRx
                0x000000000800bb96       0x3c ./Middlewares/ST/STM32_USB_Device_Library/Core/Src/usbd_ioreq.o
                0x000000000800bb96                USBD_CtlPrepareRx
 .text.USBD_CtlContinueRx
                0x000000000800bbd2       0x24 ./Middlewares/ST/STM32_USB_Device_Library/Core/Src/usbd_ioreq.o
                0x000000000800bbd2                USBD_CtlContinueRx
 .text.USBD_CtlSendStatus
                0x000000000800bbf6       0x26 ./Middlewares/ST/STM32_USB_Device_Library/Core/Src/usbd_ioreq.o
                0x000000000800bbf6                USBD_CtlSendStatus
 .text.USBD_CtlReceiveStatus
                0x000000000800bc1c       0x26 ./Middlewares/ST/STM32_USB_Device_Library/Core/Src/usbd_ioreq.o
                0x000000000800bc1c                USBD_CtlReceiveStatus
 *fill*         0x000000000800bc42        0x2 
 .text.MX_USB_DEVICE_Init
                0x000000000800bc44       0x60 ./USB_DEVICE/App/usb_device.o
                0x000000000800bc44                MX_USB_DEVICE_Init
 .text.CDC_Init_FS
                0x000000000800bca4       0x28 ./USB_DEVICE/App/usbd_cdc_if.o
 .text.CDC_DeInit_FS
                0x000000000800bccc       0x10 ./USB_DEVICE/App/usbd_cdc_if.o
 .text.CDC_Control_FS
                0x000000000800bcdc       0xbc ./USB_DEVICE/App/usbd_cdc_if.o
 .text.CDC_Receive_FS
                0x000000000800bd98       0x68 ./USB_DEVICE/App/usbd_cdc_if.o
 .text.USBD_FS_DeviceDescriptor
                0x000000000800be00       0x24 ./USB_DEVICE/App/usbd_desc.o
                0x000000000800be00                USBD_FS_DeviceDescriptor
 .text.USBD_FS_LangIDStrDescriptor
                0x000000000800be24       0x24 ./USB_DEVICE/App/usbd_desc.o
                0x000000000800be24                USBD_FS_LangIDStrDescriptor
 .text.USBD_FS_ProductStrDescriptor
                0x000000000800be48       0x3c ./USB_DEVICE/App/usbd_desc.o
                0x000000000800be48                USBD_FS_ProductStrDescriptor
 .text.USBD_FS_ManufacturerStrDescriptor
                0x000000000800be84       0x28 ./USB_DEVICE/App/usbd_desc.o
                0x000000000800be84                USBD_FS_ManufacturerStrDescriptor
 .text.USBD_FS_SerialStrDescriptor
                0x000000000800beac       0x24 ./USB_DEVICE/App/usbd_desc.o
                0x000000000800beac                USBD_FS_SerialStrDescriptor
 .text.USBD_FS_ConfigStrDescriptor
                0x000000000800bed0       0x3c ./USB_DEVICE/App/usbd_desc.o
                0x000000000800bed0                USBD_FS_ConfigStrDescriptor
 .text.USBD_FS_InterfaceStrDescriptor
                0x000000000800bf0c       0x3c ./USB_DEVICE/App/usbd_desc.o
                0x000000000800bf0c                USBD_FS_InterfaceStrDescriptor
 .text.Get_SerialNum
                0x000000000800bf48       0x58 ./USB_DEVICE/App/usbd_desc.o
 .text.IntToUnicode
                0x000000000800bfa0       0x7e ./USB_DEVICE/App/usbd_desc.o
 *fill*         0x000000000800c01e        0x2 
 .text.HAL_PCD_MspInit
                0x000000000800c020       0xb8 ./USB_DEVICE/Target/usbd_conf.o
                0x000000000800c020                HAL_PCD_MspInit
 .text.HAL_PCD_SetupStageCallback
                0x000000000800c0d8       0x24 ./USB_DEVICE/Target/usbd_conf.o
                0x000000000800c0d8                HAL_PCD_SetupStageCallback
 .text.HAL_PCD_DataOutStageCallback
                0x000000000800c0fc       0x36 ./USB_DEVICE/Target/usbd_conf.o
                0x000000000800c0fc                HAL_PCD_DataOutStageCallback
 .text.HAL_PCD_DataInStageCallback
                0x000000000800c132       0x34 ./USB_DEVICE/Target/usbd_conf.o
                0x000000000800c132                HAL_PCD_DataInStageCallback
 .text.HAL_PCD_SOFCallback
                0x000000000800c166       0x1c ./USB_DEVICE/Target/usbd_conf.o
                0x000000000800c166                HAL_PCD_SOFCallback
 .text.HAL_PCD_ResetCallback
                0x000000000800c182       0x3c ./USB_DEVICE/Target/usbd_conf.o
                0x000000000800c182                HAL_PCD_ResetCallback
 *fill*         0x000000000800c1be        0x2 
 .text.HAL_PCD_SuspendCallback
                0x000000000800c1c0       0x34 ./USB_DEVICE/Target/usbd_conf.o
                0x000000000800c1c0                HAL_PCD_SuspendCallback
 .text.HAL_PCD_ResumeCallback
                0x000000000800c1f4       0x1c ./USB_DEVICE/Target/usbd_conf.o
                0x000000000800c1f4                HAL_PCD_ResumeCallback
 .text.USBD_LL_Init
                0x000000000800c210       0xb4 ./USB_DEVICE/Target/usbd_conf.o
                0x000000000800c210                USBD_LL_Init
 .text.USBD_LL_Start
                0x000000000800c2c4       0x36 ./USB_DEVICE/Target/usbd_conf.o
                0x000000000800c2c4                USBD_LL_Start
 .text.USBD_LL_OpenEP
                0x000000000800c2fa       0x4c ./USB_DEVICE/Target/usbd_conf.o
                0x000000000800c2fa                USBD_LL_OpenEP
 .text.USBD_LL_CloseEP
                0x000000000800c346       0x3e ./USB_DEVICE/Target/usbd_conf.o
                0x000000000800c346                USBD_LL_CloseEP
 .text.USBD_LL_StallEP
                0x000000000800c384       0x3e ./USB_DEVICE/Target/usbd_conf.o
                0x000000000800c384                USBD_LL_StallEP
 .text.USBD_LL_ClearStallEP
                0x000000000800c3c2       0x3e ./USB_DEVICE/Target/usbd_conf.o
                0x000000000800c3c2                USBD_LL_ClearStallEP
 .text.USBD_LL_IsStallEP
                0x000000000800c400       0x5a ./USB_DEVICE/Target/usbd_conf.o
                0x000000000800c400                USBD_LL_IsStallEP
 .text.USBD_LL_SetUSBAddress
                0x000000000800c45a       0x3e ./USB_DEVICE/Target/usbd_conf.o
                0x000000000800c45a                USBD_LL_SetUSBAddress
 .text.USBD_LL_Transmit
                0x000000000800c498       0x46 ./USB_DEVICE/Target/usbd_conf.o
                0x000000000800c498                USBD_LL_Transmit
 .text.USBD_LL_PrepareReceive
                0x000000000800c4de       0x46 ./USB_DEVICE/Target/usbd_conf.o
                0x000000000800c4de                USBD_LL_PrepareReceive
 .text.USBD_LL_GetRxDataSize
                0x000000000800c524       0x26 ./USB_DEVICE/Target/usbd_conf.o
                0x000000000800c524                USBD_LL_GetRxDataSize
 *fill*         0x000000000800c54a        0x2 
 .text.USBD_static_malloc
                0x000000000800c54c       0x1c ./USB_DEVICE/Target/usbd_conf.o
                0x000000000800c54c                USBD_static_malloc
 .text.USBD_static_free
                0x000000000800c568       0x14 ./USB_DEVICE/Target/usbd_conf.o
                0x000000000800c568                USBD_static_free
 .text.HAL_PCDEx_SetConnectionState
                0x000000000800c57c       0x18 ./USB_DEVICE/Target/usbd_conf.o
                0x000000000800c57c                HAL_PCDEx_SetConnectionState
 .text.USBD_Get_USB_Status
                0x000000000800c594       0x58 ./USB_DEVICE/Target/usbd_conf.o
 .text.__libc_init_array
                0x000000000800c5ec       0x48 c:/st/stm32cubeide_1.10.1/stm32cubeide/plugins/com.st.stm32cube.ide.mcu.externaltools.gnu-tools-for-stm32.10.3-2021.10.win32_1.0.0.202111181127/tools/bin/../lib/gcc/arm-none-eabi/10.3.1/../../../../arm-none-eabi/lib/thumb/v7e-m+fp/hard\libc_nano.a(lib_a-init.o)
                0x000000000800c5ec                __libc_init_array
 .text.memcpy   0x000000000800c634       0x1c c:/st/stm32cubeide_1.10.1/stm32cubeide/plugins/com.st.stm32cube.ide.mcu.externaltools.gnu-tools-for-stm32.10.3-2021.10.win32_1.0.0.202111181127/tools/bin/../lib/gcc/arm-none-eabi/10.3.1/../../../../arm-none-eabi/lib/thumb/v7e-m+fp/hard\libc_nano.a(lib_a-memcpy-stub.o)
                0x000000000800c634                memcpy
 .text.memset   0x000000000800c650       0x10 c:/st/stm32cubeide_1.10.1/stm32cubeide/plugins/com.st.stm32cube.ide.mcu.externaltools.gnu-tools-for-stm32.10.3-2021.10.win32_1.0.0.202111181127/tools/bin/../lib/gcc/arm-none-eabi/10.3.1/../../../../arm-none-eabi/lib/thumb/v7e-m+fp/hard\libc_nano.a(lib_a-memset.o)
                0x000000000800c650                memset
 *(.glue_7)
 .glue_7        0x000000000800c660        0x0 linker stubs
 *(.glue_7t)
 .glue_7t       0x000000000800c660        0x0 linker stubs
 *(.eh_frame)
 .eh_frame      0x000000000800c660        0x0 c:/st/stm32cubeide_1.10.1/stm32cubeide/plugins/com.st.stm32cube.ide.mcu.externaltools.gnu-tools-for-stm32.10.3-2021.10.win32_1.0.0.202111181127/tools/bin/../lib/gcc/arm-none-eabi/10.3.1/thumb/v7e-m+fp/hard/crtbegin.o
 *(.init)
 .init          0x000000000800c660        0x4 c:/st/stm32cubeide_1.10.1/stm32cubeide/plugins/com.st.stm32cube.ide.mcu.externaltools.gnu-tools-for-stm32.10.3-2021.10.win32_1.0.0.202111181127/tools/bin/../lib/gcc/arm-none-eabi/10.3.1/thumb/v7e-m+fp/hard/crti.o
                0x000000000800c660                _init
 .init          0x000000000800c664        0x8 c:/st/stm32cubeide_1.10.1/stm32cubeide/plugins/com.st.stm32cube.ide.mcu.externaltools.gnu-tools-for-stm32.10.3-2021.10.win32_1.0.0.202111181127/tools/bin/../lib/gcc/arm-none-eabi/10.3.1/thumb/v7e-m+fp/hard/crtn.o
 *(.fini)
 .fini          0x000000000800c66c        0x4 c:/st/stm32cubeide_1.10.1/stm32cubeide/plugins/com.st.stm32cube.ide.mcu.externaltools.gnu-tools-for-stm32.10.3-2021.10.win32_1.0.0.202111181127/tools/bin/../lib/gcc/arm-none-eabi/10.3.1/thumb/v7e-m+fp/hard/crti.o
                0x000000000800c66c                _fini
 .fini          0x000000000800c670        0x8 c:/st/stm32cubeide_1.10.1/stm32cubeide/plugins/com.st.stm32cube.ide.mcu.externaltools.gnu-tools-for-stm32.10.3-2021.10.win32_1.0.0.202111181127/tools/bin/../lib/gcc/arm-none-eabi/10.3.1/thumb/v7e-m+fp/hard/crtn.o
                0x000000000800c678                . = ALIGN (0x4)
                0x000000000800c678                _etext = .

.vfp11_veneer   0x000000000800c678        0x0
 .vfp11_veneer  0x000000000800c678        0x0 linker stubs

.v4_bx          0x000000000800c678        0x0
 .v4_bx         0x000000000800c678        0x0 linker stubs

.iplt           0x000000000800c678        0x0
 .iplt          0x000000000800c678        0x0 c:/st/stm32cubeide_1.10.1/stm32cubeide/plugins/com.st.stm32cube.ide.mcu.externaltools.gnu-tools-for-stm32.10.3-2021.10.win32_1.0.0.202111181127/tools/bin/../lib/gcc/arm-none-eabi/10.3.1/thumb/v7e-m+fp/hard/crtbegin.o

.rodata         0x000000000800c678       0x80
                0x000000000800c678                . = ALIGN (0x4)
 *(.rodata)
 .rodata        0x000000000800c678       0x46 ./USB_DEVICE/App/usbd_desc.o
 *(.rodata*)
 *fill*         0x000000000800c6be        0x2 
 .rodata.AHBPrescTable
                0x000000000800c6c0       0x10 ./Core/Src/system_stm32f3xx.o
                0x000000000800c6c0                AHBPrescTable
 .rodata.APBPrescTable
                0x000000000800c6d0        0x8 ./Core/Src/system_stm32f3xx.o
                0x000000000800c6d0                APBPrescTable
 .rodata.aPLLMULFactorTable
                0x000000000800c6d8       0x10 ./Drivers/STM32F3xx_HAL_Driver/Src/stm32f3xx_hal_rcc.o
                0x000000000800c6d8                aPLLMULFactorTable
 .rodata.aPredivFactorTable
                0x000000000800c6e8       0x10 ./Drivers/STM32F3xx_HAL_Driver/Src/stm32f3xx_hal_rcc.o
                0x000000000800c6e8                aPredivFactorTable
                0x000000000800c6f8                . = ALIGN (0x4)

.rel.dyn        0x000000000800c6f8        0x0
 .rel.iplt      0x000000000800c6f8        0x0 c:/st/stm32cubeide_1.10.1/stm32cubeide/plugins/com.st.stm32cube.ide.mcu.externaltools.gnu-tools-for-stm32.10.3-2021.10.win32_1.0.0.202111181127/tools/bin/../lib/gcc/arm-none-eabi/10.3.1/thumb/v7e-m+fp/hard/crtbegin.o

.ARM.extab      0x000000000800c6f8        0x0
                0x000000000800c6f8                . = ALIGN (0x4)
 *(.ARM.extab* .gnu.linkonce.armextab.*)
                0x000000000800c6f8                . = ALIGN (0x4)

.ARM            0x000000000800c6f8        0x0
                0x000000000800c6f8                . = ALIGN (0x4)
                0x000000000800c6f8                __exidx_start = .
 *(.ARM.exidx*)
                0x000000000800c6f8                __exidx_end = .
                0x000000000800c6f8                . = ALIGN (0x4)

.preinit_array  0x000000000800c6f8        0x0
                0x000000000800c6f8                . = ALIGN (0x4)
                0x000000000800c6f8                PROVIDE (__preinit_array_start = .)
 *(.preinit_array*)
                0x000000000800c6f8                PROVIDE (__preinit_array_end = .)
                0x000000000800c6f8                . = ALIGN (0x4)

.init_array     0x000000000800c6f8        0x4
                0x000000000800c6f8                . = ALIGN (0x4)
                0x000000000800c6f8                PROVIDE (__init_array_start = .)
 *(SORT_BY_NAME(.init_array.*))
 *(.init_array*)
 .init_array    0x000000000800c6f8        0x4 c:/st/stm32cubeide_1.10.1/stm32cubeide/plugins/com.st.stm32cube.ide.mcu.externaltools.gnu-tools-for-stm32.10.3-2021.10.win32_1.0.0.202111181127/tools/bin/../lib/gcc/arm-none-eabi/10.3.1/thumb/v7e-m+fp/hard/crtbegin.o
                0x000000000800c6fc                PROVIDE (__init_array_end = .)
                0x000000000800c6fc                . = ALIGN (0x4)

.fini_array     0x000000000800c6fc        0x4
                0x000000000800c6fc                . = ALIGN (0x4)
                [!provide]                        PROVIDE (__fini_array_start = .)
 *(SORT_BY_NAME(.fini_array.*))
 *(.fini_array*)
 .fini_array    0x000000000800c6fc        0x4 c:/st/stm32cubeide_1.10.1/stm32cubeide/plugins/com.st.stm32cube.ide.mcu.externaltools.gnu-tools-for-stm32.10.3-2021.10.win32_1.0.0.202111181127/tools/bin/../lib/gcc/arm-none-eabi/10.3.1/thumb/v7e-m+fp/hard/crtbegin.o
                [!provide]                        PROVIDE (__fini_array_end = .)
                0x000000000800c700                . = ALIGN (0x4)
                0x000000000800c700                _sidata = LOADADDR (.data)

.data           0x0000000020000000      0x180 load address 0x000000000800c700
                0x0000000020000000                . = ALIGN (0x4)
                0x0000000020000000                _sdata = .
 *(.data)
 *(.data*)
 .data.MAX_SIZE
                0x0000000020000000        0x1 ./Core/Src/main.o
                0x0000000020000000                MAX_SIZE
 *fill*         0x0000000020000001        0x3 
 .data.SystemCoreClock
                0x0000000020000004        0x4 ./Core/Src/system_stm32f3xx.o
                0x0000000020000004                SystemCoreClock
 .data.uwTickPrio
                0x0000000020000008        0x4 ./Drivers/STM32F3xx_HAL_Driver/Src/stm32f3xx_hal.o
                0x0000000020000008                uwTickPrio
 .data.uwTickFreq
                0x000000002000000c        0x1 ./Drivers/STM32F3xx_HAL_Driver/Src/stm32f3xx_hal.o
                0x000000002000000c                uwTickFreq
 *fill*         0x000000002000000d        0x3 
 .data.USBD_CDC_DeviceQualifierDesc
                0x0000000020000010        0xa ./Middlewares/ST/STM32_USB_Device_Library/Class/CDC/Src/usbd_cdc.o
 *fill*         0x000000002000001a        0x2 
 .data.USBD_CDC
                0x000000002000001c       0x38 ./Middlewares/ST/STM32_USB_Device_Library/Class/CDC/Src/usbd_cdc.o
                0x000000002000001c                USBD_CDC
 .data.USBD_CDC_CfgHSDesc
                0x0000000020000054       0x43 ./Middlewares/ST/STM32_USB_Device_Library/Class/CDC/Src/usbd_cdc.o
                0x0000000020000054                USBD_CDC_CfgHSDesc
 *fill*         0x0000000020000097        0x1 
 .data.USBD_CDC_CfgFSDesc
                0x0000000020000098       0x43 ./Middlewares/ST/STM32_USB_Device_Library/Class/CDC/Src/usbd_cdc.o
                0x0000000020000098                USBD_CDC_CfgFSDesc
 *fill*         0x00000000200000db        0x1 
 .data.USBD_CDC_OtherSpeedCfgDesc
                0x00000000200000dc       0x43 ./Middlewares/ST/STM32_USB_Device_Library/Class/CDC/Src/usbd_cdc.o
                0x00000000200000dc                USBD_CDC_OtherSpeedCfgDesc
 *fill*         0x000000002000011f        0x1 
 .data.USBD_Interface_fops_FS
                0x0000000020000120       0x10 ./USB_DEVICE/App/usbd_cdc_if.o
                0x0000000020000120                USBD_Interface_fops_FS
 .data.FS_Desc  0x0000000020000130       0x1c ./USB_DEVICE/App/usbd_desc.o
                0x0000000020000130                FS_Desc
 .data.USBD_FS_DeviceDesc
                0x000000002000014c       0x12 ./USB_DEVICE/App/usbd_desc.o
                0x000000002000014c                USBD_FS_DeviceDesc
 *fill*         0x000000002000015e        0x2 
 .data.USBD_LangIDDesc
                0x0000000020000160        0x4 ./USB_DEVICE/App/usbd_desc.o
                0x0000000020000160                USBD_LangIDDesc
 .data.USBD_StringSerial
                0x0000000020000164       0x1a ./USB_DEVICE/App/usbd_desc.o
                0x0000000020000164                USBD_StringSerial
 *(.RamFunc)
 *(.RamFunc*)
                0x0000000020000180                . = ALIGN (0x4)
 *fill*         0x000000002000017e        0x2 
                0x0000000020000180                _edata = .
                0x000000000800c880                _siccmram = LOADADDR (.ccmram)

.igot.plt       0x0000000020000180        0x0 load address 0x000000000800c880
 .igot.plt      0x0000000020000180        0x0 c:/st/stm32cubeide_1.10.1/stm32cubeide/plugins/com.st.stm32cube.ide.mcu.externaltools.gnu-tools-for-stm32.10.3-2021.10.win32_1.0.0.202111181127/tools/bin/../lib/gcc/arm-none-eabi/10.3.1/thumb/v7e-m+fp/hard/crtbegin.o

.ccmram         0x0000000010000000        0x0 load address 0x000000000800c880
                0x0000000010000000                . = ALIGN (0x4)
                0x0000000010000000                _sccmram = .
 *(.ccmram)
 *(.ccmram*)
                0x0000000010000000                . = ALIGN (0x4)
                0x0000000010000000                _eccmram = .
                0x0000000010000000                . = ALIGN (0x4)

.bss            0x0000000020000180     0x1698
                0x0000000020000180                _sbss = .
                0x0000000020000180                __bss_start__ = _sbss
 *(.bss)
 .bss           0x0000000020000180       0x1c c:/st/stm32cubeide_1.10.1/stm32cubeide/plugins/com.st.stm32cube.ide.mcu.externaltools.gnu-tools-for-stm32.10.3-2021.10.win32_1.0.0.202111181127/tools/bin/../lib/gcc/arm-none-eabi/10.3.1/thumb/v7e-m+fp/hard/crtbegin.o
 *(.bss*)
 .bss.hadc3     0x000000002000019c       0x50 ./Core/Src/main.o
                0x000000002000019c                hadc3
 .bss.hi2c1     0x00000000200001ec       0x4c ./Core/Src/main.o
                0x00000000200001ec                hi2c1
 .bss.hi2c2     0x0000000020000238       0x4c ./Core/Src/main.o
                0x0000000020000238                hi2c2
 .bss.hspi1     0x0000000020000284       0x64 ./Core/Src/main.o
                0x0000000020000284                hspi1
 .bss.hspi3     0x00000000200002e8       0x64 ./Core/Src/main.o
                0x00000000200002e8                hspi3
 .bss.htim2     0x000000002000034c       0x4c ./Core/Src/main.o
                0x000000002000034c                htim2
 .bss.htim3     0x0000000020000398       0x4c ./Core/Src/main.o
                0x0000000020000398                htim3
 .bss.htim8     0x00000000200003e4       0x4c ./Core/Src/main.o
                0x00000000200003e4                htim8
 .bss.huart5    0x0000000020000430       0x84 ./Core/Src/main.o
                0x0000000020000430                huart5
 .bss.huart1    0x00000000200004b4       0x84 ./Core/Src/main.o
                0x00000000200004b4                huart1
 .bss.huart2    0x0000000020000538       0x84 ./Core/Src/main.o
                0x0000000020000538                huart2
 .bss.huart3    0x00000000200005bc       0x84 ./Core/Src/main.o
                0x00000000200005bc                huart3
 .bss.bufferRx  0x0000000020000640       0x16 ./Core/Src/main.o
                0x0000000020000640                bufferRx
 *fill*         0x0000000020000656        0x2 
 .bss.data      0x0000000020000658       0x10 ./Core/Src/main.o
                0x0000000020000658                data
 .bss.flags     0x0000000020000668        0x2 ./Core/Src/main.o
                0x0000000020000668                flags
 *fill*         0x000000002000066a        0x2 
 .bss.uwTick    0x000000002000066c        0x4 ./Drivers/STM32F3xx_HAL_Driver/Src/stm32f3xx_hal.o
                0x000000002000066c                uwTick
 .bss.cfgidx.0  0x0000000020000670        0x1 ./Middlewares/ST/STM32_USB_Device_Library/Core/Src/usbd_ctlreq.o
 *fill*         0x0000000020000671        0x3 
 .bss.hUsbDeviceFS
                0x0000000020000674      0x2c4 ./USB_DEVICE/App/usb_device.o
                0x0000000020000674                hUsbDeviceFS
 .bss.UserRxBufferFS
                0x0000000020000938      0x3e8 ./USB_DEVICE/App/usbd_cdc_if.o
                0x0000000020000938                UserRxBufferFS
 .bss.UserTxBufferFS
                0x0000000020000d20      0x3e8 ./USB_DEVICE/App/usbd_cdc_if.o
                0x0000000020000d20                UserTxBufferFS
 .bss.rxFlag    0x0000000020001108        0x1 ./USB_DEVICE/App/usbd_cdc_if.o
                0x0000000020001108                rxFlag
 *fill*         0x0000000020001109        0x3 
 .bss.USBD_StrDesc
                0x000000002000110c      0x200 ./USB_DEVICE/App/usbd_desc.o
                0x000000002000110c                USBD_StrDesc
 .bss.hpcd_USB_FS
                0x000000002000130c      0x2ec ./USB_DEVICE/Target/usbd_conf.o
                0x000000002000130c                hpcd_USB_FS
 .bss.mem.0     0x00000000200015f8      0x220 ./USB_DEVICE/Target/usbd_conf.o
 *(COMMON)
                0x0000000020001818                . = ALIGN (0x4)
                0x0000000020001818                _ebss = .
                0x0000000020001818                __bss_end__ = _ebss

._user_heap_stack
                0x0000000020001818      0x600
                0x0000000020001818                . = ALIGN (0x8)
                [!provide]                        PROVIDE (end = .)
                0x0000000020001818                PROVIDE (_end = .)
                0x0000000020001a18                . = (. + _Min_Heap_Size)
 *fill*         0x0000000020001818      0x200 
                0x0000000020001e18                . = (. + _Min_Stack_Size)
 *fill*         0x0000000020001a18      0x400 
                0x0000000020001e18                . = ALIGN (0x8)

/DISCARD/
 libc.a(*)
 libm.a(*)
 libgcc.a(*)

.ARM.attributes
                0x0000000000000000       0x30
 *(.ARM.attributes)
 .ARM.attributes
                0x0000000000000000       0x1e c:/st/stm32cubeide_1.10.1/stm32cubeide/plugins/com.st.stm32cube.ide.mcu.externaltools.gnu-tools-for-stm32.10.3-2021.10.win32_1.0.0.202111181127/tools/bin/../lib/gcc/arm-none-eabi/10.3.1/thumb/v7e-m+fp/hard/crti.o
 .ARM.attributes
                0x000000000000001e       0x34 c:/st/stm32cubeide_1.10.1/stm32cubeide/plugins/com.st.stm32cube.ide.mcu.externaltools.gnu-tools-for-stm32.10.3-2021.10.win32_1.0.0.202111181127/tools/bin/../lib/gcc/arm-none-eabi/10.3.1/thumb/v7e-m+fp/hard/crtbegin.o
 .ARM.attributes
                0x0000000000000052       0x34 ./Core/Src/Thruster.o
 .ARM.attributes
                0x0000000000000086       0x34 ./Core/Src/crc.o
 .ARM.attributes
                0x00000000000000ba       0x34 ./Core/Src/main.o
 .ARM.attributes
                0x00000000000000ee       0x34 ./Core/Src/stm32f3xx_hal_msp.o
 .ARM.attributes
                0x0000000000000122       0x34 ./Core/Src/stm32f3xx_it.o
 .ARM.attributes
                0x0000000000000156       0x34 ./Core/Src/system_stm32f3xx.o
 .ARM.attributes
                0x000000000000018a       0x21 ./Core/Startup/startup_stm32f303vctx.o
 .ARM.attributes
                0x00000000000001ab       0x34 ./Drivers/STM32F3xx_HAL_Driver/Src/stm32f3xx_hal.o
 .ARM.attributes
                0x00000000000001df       0x34 ./Drivers/STM32F3xx_HAL_Driver/Src/stm32f3xx_hal_adc_ex.o
 .ARM.attributes
                0x0000000000000213       0x34 ./Drivers/STM32F3xx_HAL_Driver/Src/stm32f3xx_hal_cortex.o
 .ARM.attributes
                0x0000000000000247       0x34 ./Drivers/STM32F3xx_HAL_Driver/Src/stm32f3xx_hal_gpio.o
 .ARM.attributes
                0x000000000000027b       0x34 ./Drivers/STM32F3xx_HAL_Driver/Src/stm32f3xx_hal_i2c.o
 .ARM.attributes
                0x00000000000002af       0x34 ./Drivers/STM32F3xx_HAL_Driver/Src/stm32f3xx_hal_i2c_ex.o
 .ARM.attributes
                0x00000000000002e3       0x34 ./Drivers/STM32F3xx_HAL_Driver/Src/stm32f3xx_hal_pcd.o
 .ARM.attributes
                0x0000000000000317       0x34 ./Drivers/STM32F3xx_HAL_Driver/Src/stm32f3xx_hal_pcd_ex.o
 .ARM.attributes
                0x000000000000034b       0x34 ./Drivers/STM32F3xx_HAL_Driver/Src/stm32f3xx_hal_rcc.o
 .ARM.attributes
                0x000000000000037f       0x34 ./Drivers/STM32F3xx_HAL_Driver/Src/stm32f3xx_hal_rcc_ex.o
 .ARM.attributes
                0x00000000000003b3       0x34 ./Drivers/STM32F3xx_HAL_Driver/Src/stm32f3xx_hal_spi.o
 .ARM.attributes
                0x00000000000003e7       0x34 ./Drivers/STM32F3xx_HAL_Driver/Src/stm32f3xx_hal_tim.o
 .ARM.attributes
                0x000000000000041b       0x34 ./Drivers/STM32F3xx_HAL_Driver/Src/stm32f3xx_hal_tim_ex.o
 .ARM.attributes
                0x000000000000044f       0x34 ./Drivers/STM32F3xx_HAL_Driver/Src/stm32f3xx_hal_uart.o
 .ARM.attributes
                0x0000000000000483       0x34 ./Drivers/STM32F3xx_HAL_Driver/Src/stm32f3xx_hal_uart_ex.o
 .ARM.attributes
                0x00000000000004b7       0x34 ./Drivers/STM32F3xx_HAL_Driver/Src/stm32f3xx_ll_usb.o
 .ARM.attributes
                0x00000000000004eb       0x34 ./Middlewares/ST/STM32_USB_Device_Library/Class/CDC/Src/usbd_cdc.o
 .ARM.attributes
                0x000000000000051f       0x34 ./Middlewares/ST/STM32_USB_Device_Library/Core/Src/usbd_core.o
 .ARM.attributes
                0x0000000000000553       0x34 ./Middlewares/ST/STM32_USB_Device_Library/Core/Src/usbd_ctlreq.o
 .ARM.attributes
                0x0000000000000587       0x34 ./Middlewares/ST/STM32_USB_Device_Library/Core/Src/usbd_ioreq.o
 .ARM.attributes
                0x00000000000005bb       0x34 ./USB_DEVICE/App/usb_device.o
 .ARM.attributes
                0x00000000000005ef       0x34 ./USB_DEVICE/App/usbd_cdc_if.o
 .ARM.attributes
                0x0000000000000623       0x34 ./USB_DEVICE/App/usbd_desc.o
 .ARM.attributes
                0x0000000000000657       0x34 ./USB_DEVICE/Target/usbd_conf.o
 .ARM.attributes
                0x000000000000068b       0x34 c:/st/stm32cubeide_1.10.1/stm32cubeide/plugins/com.st.stm32cube.ide.mcu.externaltools.gnu-tools-for-stm32.10.3-2021.10.win32_1.0.0.202111181127/tools/bin/../lib/gcc/arm-none-eabi/10.3.1/../../../../arm-none-eabi/lib/thumb/v7e-m+fp/hard\libc_nano.a(lib_a-init.o)
 .ARM.attributes
                0x00000000000006bf       0x34 c:/st/stm32cubeide_1.10.1/stm32cubeide/plugins/com.st.stm32cube.ide.mcu.externaltools.gnu-tools-for-stm32.10.3-2021.10.win32_1.0.0.202111181127/tools/bin/../lib/gcc/arm-none-eabi/10.3.1/../../../../arm-none-eabi/lib/thumb/v7e-m+fp/hard\libc_nano.a(lib_a-memcpy-stub.o)
 .ARM.attributes
                0x00000000000006f3       0x34 c:/st/stm32cubeide_1.10.1/stm32cubeide/plugins/com.st.stm32cube.ide.mcu.externaltools.gnu-tools-for-stm32.10.3-2021.10.win32_1.0.0.202111181127/tools/bin/../lib/gcc/arm-none-eabi/10.3.1/../../../../arm-none-eabi/lib/thumb/v7e-m+fp/hard\libc_nano.a(lib_a-memset.o)
 .ARM.attributes
                0x0000000000000727       0x1e c:/st/stm32cubeide_1.10.1/stm32cubeide/plugins/com.st.stm32cube.ide.mcu.externaltools.gnu-tools-for-stm32.10.3-2021.10.win32_1.0.0.202111181127/tools/bin/../lib/gcc/arm-none-eabi/10.3.1/thumb/v7e-m+fp/hard\libgcc.a(_arm_addsubdf3.o)
 .ARM.attributes
                0x0000000000000745       0x1e c:/st/stm32cubeide_1.10.1/stm32cubeide/plugins/com.st.stm32cube.ide.mcu.externaltools.gnu-tools-for-stm32.10.3-2021.10.win32_1.0.0.202111181127/tools/bin/../lib/gcc/arm-none-eabi/10.3.1/thumb/v7e-m+fp/hard\libgcc.a(_arm_muldivdf3.o)
 .ARM.attributes
                0x0000000000000763       0x1e c:/st/stm32cubeide_1.10.1/stm32cubeide/plugins/com.st.stm32cube.ide.mcu.externaltools.gnu-tools-for-stm32.10.3-2021.10.win32_1.0.0.202111181127/tools/bin/../lib/gcc/arm-none-eabi/10.3.1/thumb/v7e-m+fp/hard\libgcc.a(_arm_fixdfsi.o)
 .ARM.attributes
                0x0000000000000781       0x1e c:/st/stm32cubeide_1.10.1/stm32cubeide/plugins/com.st.stm32cube.ide.mcu.externaltools.gnu-tools-for-stm32.10.3-2021.10.win32_1.0.0.202111181127/tools/bin/../lib/gcc/arm-none-eabi/10.3.1/thumb/v7e-m+fp/hard/crtn.o
OUTPUT(SEVEROV_with_discovery.elf elf32-littlearm)
LOAD linker stubs
LOAD c:/st/stm32cubeide_1.10.1/stm32cubeide/plugins/com.st.stm32cube.ide.mcu.externaltools.gnu-tools-for-stm32.10.3-2021.10.win32_1.0.0.202111181127/tools/bin/../lib/gcc/arm-none-eabi/10.3.1/../../../../arm-none-eabi/lib/thumb/v7e-m+fp/hard\libc.a
LOAD c:/st/stm32cubeide_1.10.1/stm32cubeide/plugins/com.st.stm32cube.ide.mcu.externaltools.gnu-tools-for-stm32.10.3-2021.10.win32_1.0.0.202111181127/tools/bin/../lib/gcc/arm-none-eabi/10.3.1/../../../../arm-none-eabi/lib/thumb/v7e-m+fp/hard\libm.a
LOAD c:/st/stm32cubeide_1.10.1/stm32cubeide/plugins/com.st.stm32cube.ide.mcu.externaltools.gnu-tools-for-stm32.10.3-2021.10.win32_1.0.0.202111181127/tools/bin/../lib/gcc/arm-none-eabi/10.3.1/thumb/v7e-m+fp/hard\libgcc.a

.debug_info     0x0000000000000000    0x1fac0
 .debug_info    0x0000000000000000      0x793 ./Core/Src/Thruster.o
 .debug_info    0x0000000000000793      0x1a5 ./Core/Src/crc.o
 .debug_info    0x0000000000000938     0x20ef ./Core/Src/main.o
 .debug_info    0x0000000000002a27     0x1b12 ./Core/Src/stm32f3xx_hal_msp.o
 .debug_info    0x0000000000004539      0x664 ./Core/Src/stm32f3xx_it.o
 .debug_info    0x0000000000004b9d      0x416 ./Core/Src/system_stm32f3xx.o
 .debug_info    0x0000000000004fb3       0x22 ./Core/Startup/startup_stm32f303vctx.o
 .debug_info    0x0000000000004fd5      0x807 ./Drivers/STM32F3xx_HAL_Driver/Src/stm32f3xx_hal.o
 .debug_info    0x00000000000057dc     0x16b2 ./Drivers/STM32F3xx_HAL_Driver/Src/stm32f3xx_hal_adc_ex.o
 .debug_info    0x0000000000006e8e      0xd85 ./Drivers/STM32F3xx_HAL_Driver/Src/stm32f3xx_hal_cortex.o
 .debug_info    0x0000000000007c13      0x68a ./Drivers/STM32F3xx_HAL_Driver/Src/stm32f3xx_hal_gpio.o
 .debug_info    0x000000000000829d     0x214e ./Drivers/STM32F3xx_HAL_Driver/Src/stm32f3xx_hal_i2c.o
 .debug_info    0x000000000000a3eb      0x891 ./Drivers/STM32F3xx_HAL_Driver/Src/stm32f3xx_hal_i2c_ex.o
 .debug_info    0x000000000000ac7c     0x170c ./Drivers/STM32F3xx_HAL_Driver/Src/stm32f3xx_hal_pcd.o
 .debug_info    0x000000000000c388      0x719 ./Drivers/STM32F3xx_HAL_Driver/Src/stm32f3xx_hal_pcd_ex.o
 .debug_info    0x000000000000caa1     0x1586 ./Drivers/STM32F3xx_HAL_Driver/Src/stm32f3xx_hal_rcc.o
 .debug_info    0x000000000000e027      0x61d ./Drivers/STM32F3xx_HAL_Driver/Src/stm32f3xx_hal_rcc_ex.o
 .debug_info    0x000000000000e644     0x178c ./Drivers/STM32F3xx_HAL_Driver/Src/stm32f3xx_hal_spi.o
 .debug_info    0x000000000000fdd0     0x2ca3 ./Drivers/STM32F3xx_HAL_Driver/Src/stm32f3xx_hal_tim.o
 .debug_info    0x0000000000012a73     0x1679 ./Drivers/STM32F3xx_HAL_Driver/Src/stm32f3xx_hal_tim_ex.o
 .debug_info    0x00000000000140ec     0x3ad3 ./Drivers/STM32F3xx_HAL_Driver/Src/stm32f3xx_hal_uart.o
 .debug_info    0x0000000000017bbf      0xcce ./Drivers/STM32F3xx_HAL_Driver/Src/stm32f3xx_hal_uart_ex.o
 .debug_info    0x000000000001888d     0x163c ./Drivers/STM32F3xx_HAL_Driver/Src/stm32f3xx_ll_usb.o
 .debug_info    0x0000000000019ec9     0x10e2 ./Middlewares/ST/STM32_USB_Device_Library/Class/CDC/Src/usbd_cdc.o
 .debug_info    0x000000000001afab      0xb02 ./Middlewares/ST/STM32_USB_Device_Library/Core/Src/usbd_core.o
 .debug_info    0x000000000001baad      0x9b6 ./Middlewares/ST/STM32_USB_Device_Library/Core/Src/usbd_ctlreq.o
 .debug_info    0x000000000001c463      0x715 ./Middlewares/ST/STM32_USB_Device_Library/Core/Src/usbd_ioreq.o
 .debug_info    0x000000000001cb78      0x679 ./USB_DEVICE/App/usb_device.o
 .debug_info    0x000000000001d1f1      0x890 ./USB_DEVICE/App/usbd_cdc_if.o
 .debug_info    0x000000000001da81      0x484 ./USB_DEVICE/App/usbd_desc.o
 .debug_info    0x000000000001df05     0x1bbb ./USB_DEVICE/Target/usbd_conf.o

.debug_abbrev   0x0000000000000000     0x4153
 .debug_abbrev  0x0000000000000000      0x1e2 ./Core/Src/Thruster.o
 .debug_abbrev  0x00000000000001e2       0xb2 ./Core/Src/crc.o
 .debug_abbrev  0x0000000000000294      0x2d5 ./Core/Src/main.o
 .debug_abbrev  0x0000000000000569      0x20c ./Core/Src/stm32f3xx_hal_msp.o
 .debug_abbrev  0x0000000000000775      0x188 ./Core/Src/stm32f3xx_it.o
 .debug_abbrev  0x00000000000008fd      0x116 ./Core/Src/system_stm32f3xx.o
 .debug_abbrev  0x0000000000000a13       0x12 ./Core/Startup/startup_stm32f303vctx.o
 .debug_abbrev  0x0000000000000a25      0x20e ./Drivers/STM32F3xx_HAL_Driver/Src/stm32f3xx_hal.o
 .debug_abbrev  0x0000000000000c33      0x27a ./Drivers/STM32F3xx_HAL_Driver/Src/stm32f3xx_hal_adc_ex.o
 .debug_abbrev  0x0000000000000ead      0x316 ./Drivers/STM32F3xx_HAL_Driver/Src/stm32f3xx_hal_cortex.o
 .debug_abbrev  0x00000000000011c3      0x1bb ./Drivers/STM32F3xx_HAL_Driver/Src/stm32f3xx_hal_gpio.o
 .debug_abbrev  0x000000000000137e      0x243 ./Drivers/STM32F3xx_HAL_Driver/Src/stm32f3xx_hal_i2c.o
 .debug_abbrev  0x00000000000015c1      0x1b0 ./Drivers/STM32F3xx_HAL_Driver/Src/stm32f3xx_hal_i2c_ex.o
 .debug_abbrev  0x0000000000001771      0x2c0 ./Drivers/STM32F3xx_HAL_Driver/Src/stm32f3xx_hal_pcd.o
 .debug_abbrev  0x0000000000001a31      0x17f ./Drivers/STM32F3xx_HAL_Driver/Src/stm32f3xx_hal_pcd_ex.o
 .debug_abbrev  0x0000000000001bb0      0x30c ./Drivers/STM32F3xx_HAL_Driver/Src/stm32f3xx_hal_rcc.o
 .debug_abbrev  0x0000000000001ebc      0x239 ./Drivers/STM32F3xx_HAL_Driver/Src/stm32f3xx_hal_rcc_ex.o
 .debug_abbrev  0x00000000000020f5      0x254 ./Drivers/STM32F3xx_HAL_Driver/Src/stm32f3xx_hal_spi.o
 .debug_abbrev  0x0000000000002349      0x25d ./Drivers/STM32F3xx_HAL_Driver/Src/stm32f3xx_hal_tim.o
 .debug_abbrev  0x00000000000025a6      0x265 ./Drivers/STM32F3xx_HAL_Driver/Src/stm32f3xx_hal_tim_ex.o
 .debug_abbrev  0x000000000000280b      0x2bc ./Drivers/STM32F3xx_HAL_Driver/Src/stm32f3xx_hal_uart.o
 .debug_abbrev  0x0000000000002ac7      0x2a4 ./Drivers/STM32F3xx_HAL_Driver/Src/stm32f3xx_hal_uart_ex.o
 .debug_abbrev  0x0000000000002d6b      0x22f ./Drivers/STM32F3xx_HAL_Driver/Src/stm32f3xx_ll_usb.o
 .debug_abbrev  0x0000000000002f9a      0x2c0 ./Middlewares/ST/STM32_USB_Device_Library/Class/CDC/Src/usbd_cdc.o
 .debug_abbrev  0x000000000000325a      0x236 ./Middlewares/ST/STM32_USB_Device_Library/Core/Src/usbd_core.o
 .debug_abbrev  0x0000000000003490      0x257 ./Middlewares/ST/STM32_USB_Device_Library/Core/Src/usbd_ctlreq.o
 .debug_abbrev  0x00000000000036e7      0x183 ./Middlewares/ST/STM32_USB_Device_Library/Core/Src/usbd_ioreq.o
 .debug_abbrev  0x000000000000386a      0x183 ./USB_DEVICE/App/usb_device.o
 .debug_abbrev  0x00000000000039ed      0x25c ./USB_DEVICE/App/usbd_cdc_if.o
 .debug_abbrev  0x0000000000003c49      0x1fa ./USB_DEVICE/App/usbd_desc.o
 .debug_abbrev  0x0000000000003e43      0x310 ./USB_DEVICE/Target/usbd_conf.o

.debug_aranges  0x0000000000000000     0x1958
 .debug_aranges
                0x0000000000000000       0x38 ./Core/Src/Thruster.o
 .debug_aranges
                0x0000000000000038       0x28 ./Core/Src/crc.o
 .debug_aranges
                0x0000000000000060       0x98 ./Core/Src/main.o
 .debug_aranges
                0x00000000000000f8       0x78 ./Core/Src/stm32f3xx_hal_msp.o
 .debug_aranges
                0x0000000000000170       0x70 ./Core/Src/stm32f3xx_it.o
 .debug_aranges
                0x00000000000001e0       0x28 ./Core/Src/system_stm32f3xx.o
 .debug_aranges
                0x0000000000000208       0x28 ./Core/Startup/startup_stm32f303vctx.o
 .debug_aranges
                0x0000000000000230       0xe0 ./Drivers/STM32F3xx_HAL_Driver/Src/stm32f3xx_hal.o
 .debug_aranges
                0x0000000000000310      0x168 ./Drivers/STM32F3xx_HAL_Driver/Src/stm32f3xx_hal_adc_ex.o
 .debug_aranges
                0x0000000000000478      0x118 ./Drivers/STM32F3xx_HAL_Driver/Src/stm32f3xx_hal_cortex.o
 .debug_aranges
                0x0000000000000590       0x58 ./Drivers/STM32F3xx_HAL_Driver/Src/stm32f3xx_hal_gpio.o
 .debug_aranges
                0x00000000000005e8      0x290 ./Drivers/STM32F3xx_HAL_Driver/Src/stm32f3xx_hal_i2c.o
 .debug_aranges
                0x0000000000000878       0x48 ./Drivers/STM32F3xx_HAL_Driver/Src/stm32f3xx_hal_i2c_ex.o
 .debug_aranges
                0x00000000000008c0      0x138 ./Drivers/STM32F3xx_HAL_Driver/Src/stm32f3xx_hal_pcd.o
 .debug_aranges
                0x00000000000009f8       0x38 ./Drivers/STM32F3xx_HAL_Driver/Src/stm32f3xx_hal_pcd_ex.o
 .debug_aranges
                0x0000000000000a30       0x88 ./Drivers/STM32F3xx_HAL_Driver/Src/stm32f3xx_hal_rcc.o
 .debug_aranges
                0x0000000000000ab8       0x38 ./Drivers/STM32F3xx_HAL_Driver/Src/stm32f3xx_hal_rcc_ex.o
 .debug_aranges
                0x0000000000000af0      0x1d8 ./Drivers/STM32F3xx_HAL_Driver/Src/stm32f3xx_hal_spi.o
 .debug_aranges
                0x0000000000000cc8      0x3e0 ./Drivers/STM32F3xx_HAL_Driver/Src/stm32f3xx_hal_tim.o
 .debug_aranges
                0x00000000000010a8      0x178 ./Drivers/STM32F3xx_HAL_Driver/Src/stm32f3xx_hal_tim_ex.o
 .debug_aranges
                0x0000000000001220      0x228 ./Drivers/STM32F3xx_HAL_Driver/Src/stm32f3xx_hal_uart.o
 .debug_aranges
                0x0000000000001448       0x68 ./Drivers/STM32F3xx_HAL_Driver/Src/stm32f3xx_hal_uart_ex.o
 .debug_aranges
                0x00000000000014b0       0xb0 ./Drivers/STM32F3xx_HAL_Driver/Src/stm32f3xx_ll_usb.o
 .debug_aranges
                0x0000000000001560       0x90 ./Middlewares/ST/STM32_USB_Device_Library/Class/CDC/Src/usbd_cdc.o
 .debug_aranges
                0x00000000000015f0       0xb8 ./Middlewares/ST/STM32_USB_Device_Library/Core/Src/usbd_core.o
 .debug_aranges
                0x00000000000016a8       0x88 ./Middlewares/ST/STM32_USB_Device_Library/Core/Src/usbd_ctlreq.o
 .debug_aranges
                0x0000000000001730       0x50 ./Middlewares/ST/STM32_USB_Device_Library/Core/Src/usbd_ioreq.o
 .debug_aranges
                0x0000000000001780       0x20 ./USB_DEVICE/App/usb_device.o
 .debug_aranges
                0x00000000000017a0       0x40 ./USB_DEVICE/App/usbd_cdc_if.o
 .debug_aranges
                0x00000000000017e0       0x60 ./USB_DEVICE/App/usbd_desc.o
 .debug_aranges
                0x0000000000001840      0x118 ./USB_DEVICE/Target/usbd_conf.o

.debug_ranges   0x0000000000000000     0x17a0
 .debug_ranges  0x0000000000000000       0x28 ./Core/Src/Thruster.o
 .debug_ranges  0x0000000000000028       0x18 ./Core/Src/crc.o
 .debug_ranges  0x0000000000000040       0x88 ./Core/Src/main.o
 .debug_ranges  0x00000000000000c8       0x68 ./Core/Src/stm32f3xx_hal_msp.o
 .debug_ranges  0x0000000000000130       0x60 ./Core/Src/stm32f3xx_it.o
 .debug_ranges  0x0000000000000190       0x18 ./Core/Src/system_stm32f3xx.o
 .debug_ranges  0x00000000000001a8       0x20 ./Core/Startup/startup_stm32f303vctx.o
 .debug_ranges  0x00000000000001c8       0xd0 ./Drivers/STM32F3xx_HAL_Driver/Src/stm32f3xx_hal.o
 .debug_ranges  0x0000000000000298      0x158 ./Drivers/STM32F3xx_HAL_Driver/Src/stm32f3xx_hal_adc_ex.o
 .debug_ranges  0x00000000000003f0      0x108 ./Drivers/STM32F3xx_HAL_Driver/Src/stm32f3xx_hal_cortex.o
 .debug_ranges  0x00000000000004f8       0x48 ./Drivers/STM32F3xx_HAL_Driver/Src/stm32f3xx_hal_gpio.o
 .debug_ranges  0x0000000000000540      0x280 ./Drivers/STM32F3xx_HAL_Driver/Src/stm32f3xx_hal_i2c.o
 .debug_ranges  0x00000000000007c0       0x38 ./Drivers/STM32F3xx_HAL_Driver/Src/stm32f3xx_hal_i2c_ex.o
 .debug_ranges  0x00000000000007f8      0x128 ./Drivers/STM32F3xx_HAL_Driver/Src/stm32f3xx_hal_pcd.o
 .debug_ranges  0x0000000000000920       0x28 ./Drivers/STM32F3xx_HAL_Driver/Src/stm32f3xx_hal_pcd_ex.o
 .debug_ranges  0x0000000000000948       0x78 ./Drivers/STM32F3xx_HAL_Driver/Src/stm32f3xx_hal_rcc.o
 .debug_ranges  0x00000000000009c0       0x28 ./Drivers/STM32F3xx_HAL_Driver/Src/stm32f3xx_hal_rcc_ex.o
 .debug_ranges  0x00000000000009e8      0x1c8 ./Drivers/STM32F3xx_HAL_Driver/Src/stm32f3xx_hal_spi.o
 .debug_ranges  0x0000000000000bb0      0x3d0 ./Drivers/STM32F3xx_HAL_Driver/Src/stm32f3xx_hal_tim.o
 .debug_ranges  0x0000000000000f80      0x168 ./Drivers/STM32F3xx_HAL_Driver/Src/stm32f3xx_hal_tim_ex.o
 .debug_ranges  0x00000000000010e8      0x248 ./Drivers/STM32F3xx_HAL_Driver/Src/stm32f3xx_hal_uart.o
 .debug_ranges  0x0000000000001330       0x58 ./Drivers/STM32F3xx_HAL_Driver/Src/stm32f3xx_hal_uart_ex.o
 .debug_ranges  0x0000000000001388       0xa0 ./Drivers/STM32F3xx_HAL_Driver/Src/stm32f3xx_ll_usb.o
 .debug_ranges  0x0000000000001428       0x80 ./Middlewares/ST/STM32_USB_Device_Library/Class/CDC/Src/usbd_cdc.o
 .debug_ranges  0x00000000000014a8       0xa8 ./Middlewares/ST/STM32_USB_Device_Library/Core/Src/usbd_core.o
 .debug_ranges  0x0000000000001550       0x78 ./Middlewares/ST/STM32_USB_Device_Library/Core/Src/usbd_ctlreq.o
 .debug_ranges  0x00000000000015c8       0x40 ./Middlewares/ST/STM32_USB_Device_Library/Core/Src/usbd_ioreq.o
 .debug_ranges  0x0000000000001608       0x10 ./USB_DEVICE/App/usb_device.o
 .debug_ranges  0x0000000000001618       0x30 ./USB_DEVICE/App/usbd_cdc_if.o
 .debug_ranges  0x0000000000001648       0x50 ./USB_DEVICE/App/usbd_desc.o
 .debug_ranges  0x0000000000001698      0x108 ./USB_DEVICE/Target/usbd_conf.o

.debug_macro    0x0000000000000000     0x5e6a
 .debug_macro   0x0000000000000000      0x241 ./Core/Src/Thruster.o
 .debug_macro   0x0000000000000241       0x10 ./Core/Src/Thruster.o
 .debug_macro   0x0000000000000251      0x132 ./Core/Src/crc.o
 .debug_macro   0x0000000000000383      0x10e ./Core/Src/crc.o
 .debug_macro   0x0000000000000491       0x8d ./Core/Src/crc.o
 .debug_macro   0x000000000000051e      0x478 ./Core/Src/main.o
 .debug_macro   0x0000000000000996       0x16 ./Core/Src/main.o
 .debug_macro   0x00000000000009ac       0x59 ./Core/Src/main.o
 .debug_macro   0x0000000000000a05      0x1c8 ./Core/Src/main.o
 .debug_macro   0x0000000000000bcd       0xbe ./Core/Src/main.o
 .debug_macro   0x0000000000000c8b       0x10 ./Core/Src/main.o
 .debug_macro   0x0000000000000c9b      0x238 ./Core/Src/stm32f3xx_hal_msp.o
 .debug_macro   0x0000000000000ed3      0x242 ./Core/Src/stm32f3xx_it.o
 .debug_macro   0x0000000000001115      0x229 ./Core/Src/system_stm32f3xx.o
 .debug_macro   0x000000000000133e      0x24d ./Drivers/STM32F3xx_HAL_Driver/Src/stm32f3xx_hal.o
 .debug_macro   0x000000000000158b      0x253 ./Drivers/STM32F3xx_HAL_Driver/Src/stm32f3xx_hal_adc_ex.o
 .debug_macro   0x00000000000017de      0x229 ./Drivers/STM32F3xx_HAL_Driver/Src/stm32f3xx_hal_cortex.o
 .debug_macro   0x0000000000001a07      0x230 ./Drivers/STM32F3xx_HAL_Driver/Src/stm32f3xx_hal_gpio.o
 .debug_macro   0x0000000000001c37      0x2ee ./Drivers/STM32F3xx_HAL_Driver/Src/stm32f3xx_hal_i2c.o
 .debug_macro   0x0000000000001f25      0x229 ./Drivers/STM32F3xx_HAL_Driver/Src/stm32f3xx_hal_i2c_ex.o
 .debug_macro   0x000000000000214e      0x235 ./Drivers/STM32F3xx_HAL_Driver/Src/stm32f3xx_hal_pcd.o
 .debug_macro   0x0000000000002383      0x229 ./Drivers/STM32F3xx_HAL_Driver/Src/stm32f3xx_hal_pcd_ex.o
 .debug_macro   0x00000000000025ac      0x24d ./Drivers/STM32F3xx_HAL_Driver/Src/stm32f3xx_hal_rcc.o
 .debug_macro   0x00000000000027f9      0x229 ./Drivers/STM32F3xx_HAL_Driver/Src/stm32f3xx_hal_rcc_ex.o
 .debug_macro   0x0000000000002a22      0x231 ./Drivers/STM32F3xx_HAL_Driver/Src/stm32f3xx_hal_spi.o
 .debug_macro   0x0000000000002c53      0x22a ./Drivers/STM32F3xx_HAL_Driver/Src/stm32f3xx_hal_tim.o
 .debug_macro   0x0000000000002e7d      0x229 ./Drivers/STM32F3xx_HAL_Driver/Src/stm32f3xx_hal_tim_ex.o
 .debug_macro   0x00000000000030a6      0x246 ./Drivers/STM32F3xx_HAL_Driver/Src/stm32f3xx_hal_uart.o
 .debug_macro   0x00000000000032ec      0x229 ./Drivers/STM32F3xx_HAL_Driver/Src/stm32f3xx_hal_uart_ex.o
 .debug_macro   0x0000000000003515      0x229 ./Drivers/STM32F3xx_HAL_Driver/Src/stm32f3xx_ll_usb.o
 .debug_macro   0x000000000000373e      0x44e ./Middlewares/ST/STM32_USB_Device_Library/Class/CDC/Src/usbd_cdc.o
 .debug_macro   0x0000000000003b8c       0x97 ./Middlewares/ST/STM32_USB_Device_Library/Class/CDC/Src/usbd_cdc.o
 .debug_macro   0x0000000000003c23       0xfd ./Middlewares/ST/STM32_USB_Device_Library/Class/CDC/Src/usbd_cdc.o
 .debug_macro   0x0000000000003d20       0x4f ./Middlewares/ST/STM32_USB_Device_Library/Class/CDC/Src/usbd_cdc.o
 .debug_macro   0x0000000000003d6f       0x8f ./Middlewares/ST/STM32_USB_Device_Library/Class/CDC/Src/usbd_cdc.o
 .debug_macro   0x0000000000003dfe      0x435 ./Middlewares/ST/STM32_USB_Device_Library/Core/Src/usbd_core.o
 .debug_macro   0x0000000000004233      0x1ce ./Middlewares/ST/STM32_USB_Device_Library/Core/Src/usbd_core.o
 .debug_macro   0x0000000000004401      0x43f ./Middlewares/ST/STM32_USB_Device_Library/Core/Src/usbd_ctlreq.o
 .debug_macro   0x0000000000004840      0x43b ./Middlewares/ST/STM32_USB_Device_Library/Core/Src/usbd_ioreq.o
 .debug_macro   0x0000000000004c7b      0x46e ./USB_DEVICE/App/usb_device.o
 .debug_macro   0x00000000000050e9       0x22 ./USB_DEVICE/App/usb_device.o
 .debug_macro   0x000000000000510b       0x16 ./USB_DEVICE/App/usb_device.o
 .debug_macro   0x0000000000005121      0x459 ./USB_DEVICE/App/usbd_cdc_if.o
 .debug_macro   0x000000000000557a       0x10 ./USB_DEVICE/App/usbd_cdc_if.o
 .debug_macro   0x000000000000558a      0x472 ./USB_DEVICE/App/usbd_desc.o
 .debug_macro   0x00000000000059fc       0x1c ./USB_DEVICE/App/usbd_desc.o
 .debug_macro   0x0000000000005a18      0x452 ./USB_DEVICE/Target/usbd_conf.o

.debug_line     0x0000000000000000    0x24400
 .debug_line    0x0000000000000000      0x8e0 ./Core/Src/Thruster.o
 .debug_line    0x00000000000008e0      0x584 ./Core/Src/crc.o
 .debug_line    0x0000000000000e64     0x11b5 ./Core/Src/main.o
 .debug_line    0x0000000000002019      0xbc7 ./Core/Src/stm32f3xx_hal_msp.o
 .debug_line    0x0000000000002be0      0x93a ./Core/Src/stm32f3xx_it.o
 .debug_line    0x000000000000351a      0x8be ./Core/Src/system_stm32f3xx.o
 .debug_line    0x0000000000003dd8       0x88 ./Core/Startup/startup_stm32f303vctx.o
 .debug_line    0x0000000000003e60      0xaf3 ./Drivers/STM32F3xx_HAL_Driver/Src/stm32f3xx_hal.o
 .debug_line    0x0000000000004953     0x2874 ./Drivers/STM32F3xx_HAL_Driver/Src/stm32f3xx_hal_adc_ex.o
 .debug_line    0x00000000000071c7      0xdb8 ./Drivers/STM32F3xx_HAL_Driver/Src/stm32f3xx_hal_cortex.o
 .debug_line    0x0000000000007f7f      0xc54 ./Drivers/STM32F3xx_HAL_Driver/Src/stm32f3xx_hal_gpio.o
 .debug_line    0x0000000000008bd3     0x3402 ./Drivers/STM32F3xx_HAL_Driver/Src/stm32f3xx_hal_i2c.o
 .debug_line    0x000000000000bfd5      0xa65 ./Drivers/STM32F3xx_HAL_Driver/Src/stm32f3xx_hal_i2c_ex.o
 .debug_line    0x000000000000ca3a     0x1424 ./Drivers/STM32F3xx_HAL_Driver/Src/stm32f3xx_hal_pcd.o
 .debug_line    0x000000000000de5e      0x8c1 ./Drivers/STM32F3xx_HAL_Driver/Src/stm32f3xx_hal_pcd_ex.o
 .debug_line    0x000000000000e71f     0x14d0 ./Drivers/STM32F3xx_HAL_Driver/Src/stm32f3xx_hal_rcc.o
 .debug_line    0x000000000000fbef      0xe5d ./Drivers/STM32F3xx_HAL_Driver/Src/stm32f3xx_hal_rcc_ex.o
 .debug_line    0x0000000000010a4c     0x20b0 ./Drivers/STM32F3xx_HAL_Driver/Src/stm32f3xx_hal_spi.o
 .debug_line    0x0000000000012afc     0x3e41 ./Drivers/STM32F3xx_HAL_Driver/Src/stm32f3xx_hal_tim.o
 .debug_line    0x000000000001693d     0x1bd4 ./Drivers/STM32F3xx_HAL_Driver/Src/stm32f3xx_hal_tim_ex.o
 .debug_line    0x0000000000018511     0x325c ./Drivers/STM32F3xx_HAL_Driver/Src/stm32f3xx_hal_uart.o
 .debug_line    0x000000000001b76d      0xc96 ./Drivers/STM32F3xx_HAL_Driver/Src/stm32f3xx_hal_uart_ex.o
 .debug_line    0x000000000001c403     0x10a7 ./Drivers/STM32F3xx_HAL_Driver/Src/stm32f3xx_ll_usb.o
 .debug_line    0x000000000001d4aa      0xed2 ./Middlewares/ST/STM32_USB_Device_Library/Class/CDC/Src/usbd_cdc.o
 .debug_line    0x000000000001e37c      0xf52 ./Middlewares/ST/STM32_USB_Device_Library/Core/Src/usbd_core.o
 .debug_line    0x000000000001f2ce     0x1174 ./Middlewares/ST/STM32_USB_Device_Library/Core/Src/usbd_ctlreq.o
 .debug_line    0x0000000000020442      0xbe8 ./Middlewares/ST/STM32_USB_Device_Library/Core/Src/usbd_ioreq.o
 .debug_line    0x000000000002102a      0xba8 ./USB_DEVICE/App/usb_device.o
 .debug_line    0x0000000000021bd2      0xc17 ./USB_DEVICE/App/usbd_cdc_if.o
 .debug_line    0x00000000000227e9      0xc71 ./USB_DEVICE/App/usbd_desc.o
 .debug_line    0x000000000002345a      0xfa6 ./USB_DEVICE/Target/usbd_conf.o

.debug_str      0x0000000000000000    0xc90cc
 .debug_str     0x0000000000000000    0xbc85e ./Core/Src/Thruster.o
                                      0xbcfbe (size before relaxing)
 .debug_str     0x00000000000bc85e     0x2efb ./Core/Src/crc.o
                                       0x6e37 (size before relaxing)
 .debug_str     0x00000000000bf759     0x3402 ./Core/Src/main.o
                                      0xc3428 (size before relaxing)
 .debug_str     0x00000000000c2b5b      0x130 ./Core/Src/stm32f3xx_hal_msp.o
                                      0xbd9cd (size before relaxing)
 .debug_str     0x00000000000c2c8b      0x397 ./Core/Src/stm32f3xx_it.o
                                      0xbce5c (size before relaxing)
 .debug_str     0x00000000000c3022       0xdf ./Core/Src/system_stm32f3xx.o
                                      0xbc210 (size before relaxing)
 .debug_str     0x00000000000c3101       0x36 ./Core/Startup/startup_stm32f303vctx.o
                                         0x6d (size before relaxing)
 .debug_str     0x00000000000c3137      0x6b3 ./Drivers/STM32F3xx_HAL_Driver/Src/stm32f3xx_hal.o
                                      0xbca4e (size before relaxing)
 .debug_str     0x00000000000c37ea      0x85f ./Drivers/STM32F3xx_HAL_Driver/Src/stm32f3xx_hal_adc_ex.o
                                      0xbcf06 (size before relaxing)
 .debug_str     0x00000000000c4049      0x347 ./Drivers/STM32F3xx_HAL_Driver/Src/stm32f3xx_hal_cortex.o
                                      0xbcaa0 (size before relaxing)
 .debug_str     0x00000000000c4390      0x12b ./Drivers/STM32F3xx_HAL_Driver/Src/stm32f3xx_hal_gpio.o
                                      0xbc37d (size before relaxing)
 .debug_str     0x00000000000c44bb      0xdb7 ./Drivers/STM32F3xx_HAL_Driver/Src/stm32f3xx_hal_i2c.o
                                      0xbd479 (size before relaxing)
 .debug_str     0x00000000000c5272       0xb8 ./Drivers/STM32F3xx_HAL_Driver/Src/stm32f3xx_hal_i2c_ex.o
                                      0xbc71b (size before relaxing)