stm32f3_discovery.c:166:10:BSP_GetVersion	4	static
stm32f3_discovery.c:189:6:BSP_LED_Init	72	static
stm32f3_discovery.c:221:6:BSP_LED_On	16	static
stm32f3_discovery.c:240:6:BSP_LED_Off	16	static
stm32f3_discovery.c:259:6:BSP_LED_Toggle	16	static
stm32f3_discovery.c:283:6:BSP_PB_Init	48	static
stm32f3_discovery.c:322:10:BSP_PB_GetState	16	static
stm32f3_discovery.c:342:13:I2Cx_MspInit	48	static
stm32f3_discovery.c:366:13:I2Cx_Init	8	static
stm32f3_discovery.c:391:13:I2Cx_WriteData	40	static
stm32f3_discovery.c:411:16:I2Cx_ReadData	40	static
stm32f3_discovery.c:432:13:I2Cx_Error	8	static
stm32f3_discovery.c:449:13:SPIx_Init	8	static
stm32f3_discovery.c:484:16:SPIx_WriteRead	32	static
stm32f3_discovery.c:504:13:SPIx_Error	8	static
stm32f3_discovery.c:519:13:SPIx_MspInit	48	static
stm32f3_discovery.c:547:6:GYRO_IO_Init	40	static
stm32f3_discovery.c:581:6:GYRO_IO_Write	16	static
stm32f3_discovery.c:616:6:GYRO_IO_Read	16	static
stm32f3_discovery.c:652:6:COMPASSACCELERO_IO_Init	40	static
stm32f3_discovery.c:687:6:COMPASSACCELERO_IO_ITConfig	32	static
stm32f3_discovery.c:714:6:COMPASSACCELERO_IO_Write	16	static
stm32f3_discovery.c:726:9:COMPASSACCELERO_IO_Read	16	static
