../Core/Src/main.c:115:5:main	8	static
../Core/Src/main.c:216:6:SystemClock_Config	128	static
../Core/Src/main.c:276:13:MX_ADC3_Init	48	static
../Core/Src/main.c:342:13:MX_I2C1_Init	8	static
../Core/Src/main.c:390:13:MX_I2C2_Init	8	static
../Core/Src/main.c:438:13:MX_SPI1_Init	8	static
../Core/Src/main.c:478:13:MX_SPI3_Init	8	static
../Core/Src/main.c:518:13:MX_TIM2_Init	48	static
../Core/Src/main.c:580:13:MX_TIM3_Init	48	static
../Core/Src/main.c:642:13:MX_TIM8_Init	96	static
../Core/Src/main.c:716:13:MX_UART5_Init	8	static
../Core/Src/main.c:751:13:MX_USART1_UART_Init	8	static
../Core/Src/main.c:786:13:MX_USART2_UART_Init	8	static
../Core/Src/main.c:821:13:MX_USART3_UART_Init	8	static
../Core/Src/main.c:861:13:MX_GPIO_Init	56	static
../Core/Src/main.c:963:6:Error_Handler	4	static,ignoring_inline_asm
